Component: ARM Compiler 5.06 update 6 (build 750) Tool: armlink [4d35ed]

==============================================================================

Section Cross References

    system_stm32f4xx.o(i.SystemCoreClockUpdate) refers to system_stm32f4xx.o(.data) for .data
    system_stm32f4xx.o(i.SystemInit) refers to system_stm32f4xx.o(i.SetSysClock) for SetSysClock
    startup_stm32f4xx.o(RESET) refers to startup_stm32f4xx.o(STACK) for __initial_sp
    startup_stm32f4xx.o(RESET) refers to startup_stm32f4xx.o(.text) for Reset_Handler
    startup_stm32f4xx.o(RESET) refers to stm32f4xx_it.o(i.NMI_Handler) for NMI_Handler
    startup_stm32f4xx.o(RESET) refers to stm32f4xx_it.o(i.HardFault_Handler) for HardFault_Handler
    startup_stm32f4xx.o(RESET) refers to stm32f4xx_it.o(i.MemManage_Handler) for MemManage_Handler
    startup_stm32f4xx.o(RESET) refers to stm32f4xx_it.o(i.BusFault_Handler) for BusFault_Handler
    startup_stm32f4xx.o(RESET) refers to stm32f4xx_it.o(i.UsageFault_Handler) for UsageFault_Handler
    startup_stm32f4xx.o(RESET) refers to stm32f4xx_it.o(i.DebugMon_Handler) for DebugMon_Handler
    startup_stm32f4xx.o(RESET) refers to stm32f4xx_it.o(i.SysTick_Handler) for SysTick_Handler
    startup_stm32f4xx.o(RESET) refers to stm32f4xx_it.o(i.EXTI15_10_IRQHandler) for EXTI15_10_IRQHandler
    startup_stm32f4xx.o(.text) refers to system_stm32f4xx.o(i.SystemInit) for SystemInit
    startup_stm32f4xx.o(.text) refers to entry.o(.ARM.Collect$$$$00000000) for __main
    main.o(i.Delay) refers to main.o(.data) for .data
    main.o(i.LCD_LED_Init) refers to stm324xg_eval_lcd.o(i.LCD_Init) for LCD_Init
    main.o(i.LCD_LED_Init) refers to stm324xg_eval.o(i.STM_EVAL_LEDInit) for STM_EVAL_LEDInit
    main.o(i.LCD_LED_Init) refers to stm324xg_eval_lcd.o(i.LCD_Clear) for LCD_Clear
    main.o(i.LCD_LED_Init) refers to stm324xg_eval_lcd.o(i.LCD_SetBackColor) for LCD_SetBackColor
    main.o(i.LCD_LED_Init) refers to stm324xg_eval_lcd.o(i.LCD_SetTextColor) for LCD_SetTextColor
    main.o(i.LCD_LED_Init) refers to stm324xg_eval_lcd.o(i.LCD_GetFont) for LCD_GetFont
    main.o(i.LCD_LED_Init) refers to stm324xg_eval_lcd.o(i.LCD_DisplayStringLine) for LCD_DisplayStringLine
    main.o(i.Time_Update) refers to main.o(.data) for .data
    main.o(i.main) refers to misc.o(i.NVIC_PriorityGroupConfig) for NVIC_PriorityGroupConfig
    main.o(i.main) refers to main.o(i.LCD_LED_Init) for LCD_LED_Init
    main.o(i.main) refers to stm32f4x7_eth_bsp.o(i.ETH_BSP_Config) for ETH_BSP_Config
    main.o(i.main) refers to netconf.o(i.LwIP_Init) for LwIP_Init
    main.o(i.main) refers to httpd.o(i.httpd_init) for httpd_init
    main.o(i.main) refers to stm32f4x7_eth.o(i.ETH_CheckFrameReceived) for ETH_CheckFrameReceived
    main.o(i.main) refers to netconf.o(i.LwIP_Pkt_Handle) for LwIP_Pkt_Handle
    main.o(i.main) refers to netconf.o(i.LwIP_Periodic_Handle) for LwIP_Periodic_Handle
    main.o(i.main) refers to main.o(.data) for .data
    netconf.o(i.LwIP_Init) refers to mem.o(i.mem_init) for mem_init
    netconf.o(i.LwIP_Init) refers to memp.o(i.memp_init) for memp_init
    netconf.o(i.LwIP_Init) refers to netif.o(i.netif_add) for netif_add
    netconf.o(i.LwIP_Init) refers to netif.o(i.netif_set_default) for netif_set_default
    netconf.o(i.LwIP_Init) refers to netif.o(i.netif_set_down) for netif_set_down
    netconf.o(i.LwIP_Init) refers to stm324xg_eval_lcd.o(i.LCD_SetTextColor) for LCD_SetTextColor
    netconf.o(i.LwIP_Init) refers to stm324xg_eval_lcd.o(i.LCD_GetFont) for LCD_GetFont
    netconf.o(i.LwIP_Init) refers to stm324xg_eval_lcd.o(i.LCD_DisplayStringLine) for LCD_DisplayStringLine
    netconf.o(i.LwIP_Init) refers to netif.o(i.netif_set_link_callback) for netif_set_link_callback
    netconf.o(i.LwIP_Init) refers to netif.o(i.netif_set_up) for netif_set_up
    netconf.o(i.LwIP_Init) refers to printf1.o(i.__0sprintf$1) for __2sprintf
    netconf.o(i.LwIP_Init) refers to etharp.o(i.ethernet_input) for ethernet_input
    netconf.o(i.LwIP_Init) refers to ethernetif.o(i.ethernetif_init) for ethernetif_init
    netconf.o(i.LwIP_Init) refers to netconf.o(.bss) for .bss
    netconf.o(i.LwIP_Init) refers to stm32f4x7_eth_bsp.o(.data) for EthStatus
    netconf.o(i.LwIP_Init) refers to stm32f4x7_eth_bsp.o(i.ETH_link_callback) for ETH_link_callback
    netconf.o(i.LwIP_Periodic_Handle) refers to tcp.o(i.tcp_tmr) for tcp_tmr
    netconf.o(i.LwIP_Periodic_Handle) refers to etharp.o(i.etharp_tmr) for etharp_tmr
    netconf.o(i.LwIP_Periodic_Handle) refers to netconf.o(.data) for .data
    netconf.o(i.LwIP_Pkt_Handle) refers to ethernetif.o(i.ethernetif_input) for ethernetif_input
    netconf.o(i.LwIP_Pkt_Handle) refers to netconf.o(.bss) for .bss
    stm32f4x7_eth_bsp.o(i.ETH_BSP_Config) refers to misc.o(i.SysTick_CLKSourceConfig) for SysTick_CLKSourceConfig
    stm32f4x7_eth_bsp.o(i.ETH_BSP_Config) refers to stm32f4xx_rcc.o(i.RCC_GetClocksFreq) for RCC_GetClocksFreq
[...]
    data__STM32F4x7_files_stm32_jpg          0x080089fb   Data       26205  fs.o(.constdata)
    .constdata                               0x0800f058   Section     1243  fs.o(.constdata)
    data__404_html                           0x0800f058   Data        1243  fs.o(.constdata)
    .constdata                               0x0800f533   Section    10723  fs.o(.constdata)
    data__index_html                         0x0800f533   Data       10723  fs.o(.constdata)
    .constdata                               0x08011f16   Section     4046  fs.o(.constdata)
    data__STM32F4x7ADC_shtml                 0x08011f16   Data        4046  fs.o(.constdata)
    .constdata                               0x08012ee4   Section     4072  fs.o(.constdata)
    data__STM32F4x7LED_html                  0x08012ee4   Data        4072  fs.o(.constdata)
    .constdata                               0x08013ecc   Section       20  fs.o(.constdata)
    .constdata                               0x08013ee0   Section       20  fs.o(.constdata)
    .constdata                               0x08013ef4   Section       20  fs.o(.constdata)
    .constdata                               0x08013f08   Section       20  fs.o(.constdata)
    .constdata                               0x08013f1c   Section       20  fs.o(.constdata)
    .constdata                               0x08013f30   Section       20  fs.o(.constdata)
    .constdata                               0x08013f44   Section       20  fs.o(.constdata)
    .constdata                               0x08013f58   Section        8  httpd_cgi_ssi.o(.constdata)
    .constdata                               0x08013f60   Section       48  httpd.o(.constdata)
    .constdata                               0x08013f90   Section       36  memp.o(.constdata)
    memp_sizes                               0x08013f90   Data          18  memp.o(.constdata)
    memp_num                                 0x08013fa2   Data          18  memp.o(.constdata)
    .constdata                               0x08013fb4   Section       84  tcp.o(.constdata)
    .constdata                               0x08014008   Section        4  ip_addr.o(.constdata)
    .constdata                               0x0801400c   Section        4  ip_addr.o(.constdata)
    .constdata                               0x08014010   Section       12  etharp.o(.constdata)
    .constdata                               0x0801401c   Section     4560  stm324xg_eval_lcd.o(.constdata)
    .constdata                               0x080151ec   Section       92  stm324xg_eval.o(.constdata)
    .conststring                             0x08015248   Section        2  httpd_cgi_ssi.o(.conststring)
    .conststring                             0x0801524c   Section       10  httpd_cgi_ssi.o(.conststring)
    .conststring                             0x08015258   Section      106  httpd.o(.conststring)
    .conststring                             0x080152c4   Section      117  tcp.o(.conststring)
    .data                                    0x20000000   Section        8  main.o(.data)
    .data                                    0x20000008   Section        8  netconf.o(.data)
    .data                                    0x20000010   Section        4  stm32f4x7_eth_bsp.o(.data)
    .data                                    0x20000014   Section       16  httpd_cgi_ssi.o(.data)
    .data                                    0x20000024   Section        4  httpd_cgi_ssi.o(.data)
    .data                                    0x20000028   Section       36  httpd.o(.data)
    .data                                    0x2000004c   Section        4  dhcp.o(.data)
    xid                                      0x2000004c   Data           4  dhcp.o(.data)
    .data                                    0x20000050   Section       12  mem.o(.data)
    ram                                      0x20000050   Data           4  mem.o(.data)
    ram_end                                  0x20000054   Data           4  mem.o(.data)
    lfree                                    0x20000058   Data           4  mem.o(.data)
    .data                                    0x2000005c   Section       12  netif.o(.data)
    netif_num                                0x2000005c   Data           1  netif.o(.data)
    .data                                    0x20000068   Section        4  raw.o(.data)
    raw_pcbs                                 0x20000068   Data           4  raw.o(.data)
    .data                                    0x2000006c   Section       36  tcp.o(.data)
    tcp_timer                                0x2000006d   Data           1  tcp.o(.data)
    tcp_timer_ctr                            0x2000006e   Data           1  tcp.o(.data)
    tcp_port                                 0x20000070   Data           2  tcp.o(.data)
    iss                                      0x20000074   Data           4  tcp.o(.data)
    .data                                    0x20000090   Section       28  tcp_in.o(.data)
    flags                                    0x20000090   Data           1  tcp_in.o(.data)
    recv_flags                               0x20000091   Data           1  tcp_in.o(.data)
    tcplen                                   0x20000092   Data           2  tcp_in.o(.data)
    tcphdr                                   0x20000094   Data           4  tcp_in.o(.data)
    iphdr                                    0x20000098   Data           4  tcp_in.o(.data)
    seqno                                    0x2000009c   Data           4  tcp_in.o(.data)
    ackno                                    0x200000a0   Data           4  tcp_in.o(.data)
    recv_data                                0x200000a4   Data           4  tcp_in.o(.data)
    .data                                    0x200000ac   Section        8  udp.o(.data)
    udp_port                                 0x200000ac   Data           2  udp.o(.data)
    .data                                    0x200000b4   Section       20  ip.o(.data)
    ip_id                                    0x200000b4   Data           2  ip.o(.data)
    .data                                    0x200000c8   Section        8  ip_frag.o(.data)
    ip_reass_pbufcount                       0x200000c8   Data           2  ip_frag.o(.data)
    reassdatagrams                           0x200000cc   Data           4  ip_frag.o(.data)
    .data                                    0x200000d0   Section        1  etharp.o(.data)
    etharp_cached_entry                      0x200000d0   Data           1  etharp.o(.data)
    .data                                    0x200000d1   Section       16  stm32f4xx_rcc.o(.data)
    APBAHBPrescTable                         0x200000d1   Data          16  stm32f4xx_rcc.o(.data)
    .data                                    0x200000e4   Section       12  stm32f4x7_eth.o(.data)
    .data                                    0x200000f0   Section       16  stm324xg_eval_lcd.o(.data)
    LCD_Currentfonts                         0x200000f4   Data           4  stm324xg_eval_lcd.o(.data)
    .data                                    0x20000100   Section       44  stm324xg_eval.o(.data)
    .bss                                     0x2000012c   Section       56  netconf.o(.bss)
    .bss                                     0x20000164   Section      188  stm32f4x7_eth_bsp.o(.bss)
    .bss                                     0x20000220   Section      240  fs.o(.bss)
    .bss                                     0x20000310   Section     1024  httpd.o(.bss)
    httpd_req_buf                            0x20000310   Data        1024  httpd.o(.bss)
    .bss                                     0x20000710   Section    10260  mem.o(.bss)
    .bss                                     0x20002f24   Section     9199  memp.o(.bss)
    memp_tab                                 0x20002f24   Data          36  memp.o(.bss)
    memp_memory                              0x20002f48   Data        9163  memp.o(.bss)
    .bss                                     0x20005314   Section       16  tcp_in.o(.bss)
    inseg                                    0x20005314   Data          16  tcp_in.o(.bss)
    .bss                                     0x20005324   Section      200  etharp.o(.bss)
    arp_table                                0x20005324   Data         200  etharp.o(.bss)
    .bss                                     0x200053ec   Section      128  stm32f4x7_eth.o(.bss)
    .bss                                     0x2000546c   Section      128  stm32f4x7_eth.o(.bss)
    .bss                                     0x200054ec   Section     6096  stm32f4x7_eth.o(.bss)
    .bss                                     0x20006cbc   Section     6096  stm32f4x7_eth.o(.bss)
    .bss                                     0x2000848c   Section       12  stm32f4x7_eth.o(.bss)
    STACK                                    0x20008498   Section     1024  startup_stm32f4xx.o(STACK)

    Global Symbols

    Symbol Name                              Value     Ov Type        Size  Object(Section)

    BuildAttributes$$THM_ISAv4$E$P$D$K$B$S$7EM$VFPi3$EXTD16$VFPS$VFMA$PE$A:L22UL41UL21$X:L11$S22US41US21$IEEE1$IW$USESV6$~STKCKD$USESV7$~SHL$OSPACE$ROPI$EBA8$MICROLIB$REQ8$PRES8$EABIv2 0x00000000   Number         0  anon$$obj.o ABSOLUTE
    __ARM_use_no_argv                        0x00000000   Number         0  main.o ABSOLUTE
    _printf_a                                0x00000000   Number         0  stubs.o ABSOLUTE
    _printf_c                                0x00000000   Number         0  stubs.o ABSOLUTE
    _printf_charcount                        0x00000000   Number         0  stubs.o ABSOLUTE
    _printf_d                                0x00000000   Number         0  stubs.o ABSOLUTE
    _printf_e                                0x00000000   Number         0  stubs.o ABSOLUTE
    _printf_f                                0x00000000   Number         0  stubs.o ABSOLUTE
    _printf_flags                            0x00000000   Number         0  stubs.o ABSOLUTE
    _printf_fp_dec                           0x00000000   Number         0  stubs.o ABSOLUTE
    _printf_fp_hex                           0x00000000   Number         0  stubs.o ABSOLUTE
    _printf_g                                0x00000000   Number         0  stubs.o ABSOLUTE
    _printf_i                                0x00000000   Number         0  stubs.o ABSOLUTE
    _printf_int_dec                          0x00000000   Number         0  stubs.o ABSOLUTE
    _printf_l                                0x00000000   Number         0  stubs.o ABSOLUTE
    _printf_lc                               0x00000000   Number         0  stubs.o ABSOLUTE
    _printf_ll                               0x00000000   Number         0  stubs.o ABSOLUTE
    _printf_lld                              0x00000000   Number         0  stubs.o ABSOLUTE
    _printf_lli                              0x00000000   Number         0  stubs.o ABSOLUTE
    _printf_llo                              0x00000000   Number         0  stubs.o ABSOLUTE
    _printf_llu                              0x00000000   Number         0  stubs.o ABSOLUTE
    _printf_llx                              0x00000000   Number         0  stubs.o ABSOLUTE
    _printf_longlong_dec                     0x00000000   Number         0  stubs.o ABSOLUTE
    _printf_longlong_hex                     0x00000000   Number         0  stubs.o ABSOLUTE
    _printf_longlong_oct                     0x00000000   Number         0  stubs.o ABSOLUTE
    _printf_ls                               0x00000000   Number         0  stubs.o ABSOLUTE
    _printf_mbtowc                           0x00000000   Number         0  stubs.o ABSOLUTE
    _printf_n                                0x00000000   Number         0  stubs.o ABSOLUTE
    _printf_o                                0x00000000   Number         0  stubs.o ABSOLUTE
    _printf_p                                0x00000000   Number         0  stubs.o ABSOLUTE
    _printf_percent                          0x00000000   Number         0  stubs.o ABSOLUTE
    _printf_pre_padding                      0x00000000   Number         0  stubs.o ABSOLUTE
    _printf_return_value                     0x00000000   Number         0  stubs.o ABSOLUTE
    _printf_s                                0x00000000   Number         0  stubs.o ABSOLUTE
    _printf_sizespec                         0x00000000   Number         0  stubs.o ABSOLUTE
    _printf_str                              0x00000000   Number         0  stubs.o ABSOLUTE
    _printf_truncate_signed                  0x00000000   Number         0  stubs.o ABSOLUTE
    _printf_truncate_unsigned                0x00000000   Number         0  stubs.o ABSOLUTE
    _printf_u                                0x00000000   Number         0  stubs.o ABSOLUTE
    _printf_wc                               0x00000000   Number         0  stubs.o ABSOLUTE
    _printf_wctomb                           0x00000000   Number         0  stubs.o ABSOLUTE
    _printf_widthprec                        0x00000000   Number         0  stubs.o ABSOLUTE
    _printf_x                                0x00000000   Number         0  stubs.o ABSOLUTE
    __cpp_initialize__aeabi_                  - Undefined Weak Reference
    __cxa_finalize                            - Undefined Weak Reference
    _clock_init                               - Undefined Weak Reference
    _microlib_exit                            - Undefined Weak Reference
    __Vectors_Size                           0x00000188   Number         0  startup_stm32f4xx.o ABSOLUTE
    __Vectors                                0x08000000   Data           4  startup_stm32f4xx.o(RESET)
    __Vectors_End                            0x08000188   Data           0  startup_stm32f4xx.o(RESET)
    __main                                   0x08000189   Thumb Code     0  entry.o(.ARM.Collect$$$$00000000)
    _main_stk                                0x08000189   Thumb Code     0  entry2.o(.ARM.Collect$$$$00000001)
    _main_scatterload                        0x0800018d   Thumb Code     0  entry5.o(.ARM.Collect$$$$00000004)
    __main_after_scatterload                 0x08000191   Thumb Code     0  entry5.o(.ARM.Collect$$$$00000004)
    _main_clock                              0x08000191   Thumb Code     0  entry7b.o(.ARM.Collect$$$$00000008)
    _main_cpp_init                           0x08000191   Thumb Code     0  entry8b.o(.ARM.Collect$$$$0000000A)
    _main_init                               0x08000191   Thumb Code     0  entry9a.o(.ARM.Collect$$$$0000000B)
    __rt_final_cpp                           0x08000199   Thumb Code     0  entry10a.o(.ARM.Collect$$$$0000000D)
    __rt_final_exit                          0x08000199   Thumb Code     0  entry11a.o(.ARM.Collect$$$$0000000F)
    Reset_Handler                            0x0800019d   Thumb Code     8  startup_stm32f4xx.o(.text)
    SVC_Handler                              0x080001af   Thumb Code     2  startup_stm32f4xx.o(.text)
    PendSV_Handler                           0x080001b3   Thumb Code     2  startup_stm32f4xx.o(.text)
    ADC_IRQHandler                           0x080001b7   Thumb Code     0  startup_stm32f4xx.o(.text)
    CAN1_RX0_IRQHandler                      0x080001b7   Thumb Code     0  startup_stm32f4xx.o(.text)
    CAN1_RX1_IRQHandler                      0x080001b7   Thumb Code     0  startup_stm32f4xx.o(.text)
    CAN1_SCE_IRQHandler                      0x080001b7   Thumb Code     0  startup_stm32f4xx.o(.text)
    CAN1_TX_IRQHandler                       0x080001b7   Thumb Code     0  startup_stm32f4xx.o(.text)
    CAN2_RX0_IRQHandler                      0x080001b7   Thumb Code     0  startup_stm32f4xx.o(.text)
    CAN2_RX1_IRQHandler                      0x080001b7   Thumb Code     0  startup_stm32f4xx.o(.text)
    CAN2_SCE_IRQHandler                      0x080001b7   Thumb Code     0  startup_stm32f4xx.o(.text)
    CAN2_TX_IRQHandler                       0x080001b7   Thumb Code     0  startup_stm32f4xx.o(.text)
    CRYP_IRQHandler                          0x080001b7   Thumb Code     0  startup_stm32f4xx.o(.text)
    DCMI_IRQHandler                          0x080001b7   Thumb Code     0  startup_stm32f4xx.o(.text)
    DMA1_Stream0_IRQHandler                  0x080001b7   Thumb Code     0  startup_stm32f4xx.o(.text)
    DMA1_Stream1_IRQHandler                  0x080001b7   Thumb Code     0  startup_stm32f4xx.o(.text)
    DMA1_Stream2_IRQHandler                  0x080001b7   Thumb Code     0  startup_stm32f4xx.o(.text)
    DMA1_Stream3_IRQHandler                  0x080001b7   Thumb Code     0  startup_stm32f4xx.o(.text)
    DMA1_Stream4_IRQHandler                  0x080001b7   Thumb Code     0  startup_stm32f4xx.o(.text)
    DMA1_Stream5_IRQHandler                  0x080001b7   Thumb Code     0  startup_stm32f4xx.o(.text)
    DMA1_Stream6_IRQHandler                  0x080001b7   Thumb Code     0  startup_stm32f4xx.o(.text)
    DMA1_Stream7_IRQHandler                  0x080001b7   Thumb Code     0  startup_stm32f4xx.o(.text)
    DMA2_Stream0_IRQHandler                  0x080001b7   Thumb Code     0  startup_stm32f4xx.o(.text)
    DMA2_Stream1_IRQHandler                  0x080001b7   Thumb Code     0  startup_stm32f4xx.o(.text)
    DMA2_Stream2_IRQHandler                  0x080001b7   Thumb Code     0  startup_stm32f4xx.o(.text)
    DMA2_Stream3_IRQHandler                  0x080001b7   Thumb Code     0  startup_stm32f4xx.o(.text)
    DMA2_Stream4_IRQHandler                  0x080001b7   Thumb Code     0  startup_stm32f4xx.o(.text)
    DMA2_Stream5_IRQHandler                  0x080001b7   Thumb Code     0  startup_stm32f4xx.o(.text)
    DMA2_Stream6_IRQHandler                  0x080001b7   Thumb Code     0  startup_stm32f4xx.o(.text)
    DMA2_Stream7_IRQHandler                  0x080001b7   Thumb Code     0  startup_stm32f4xx.o(.text)
    ETH_IRQHandler                           0x080001b7   Thumb Code     0  startup_stm32f4xx.o(.text)
    ETH_WKUP_IRQHandler                      0x080001b7   Thumb Code     0  startup_stm32f4xx.o(.text)
    EXTI0_IRQHandler                         0x080001b7   Thumb Code     0  startup_stm32f4xx.o(.text)
    EXTI1_IRQHandler                         0x080001b7   Thumb Code     0  startup_stm32f4xx.o(.text)
    EXTI2_IRQHandler                         0x080001b7   Thumb Code     0  startup_stm32f4xx.o(.text)
    EXTI3_IRQHandler                         0x080001b7   Thumb Code     0  startup_stm32f4xx.o(.text)
    EXTI4_IRQHandler                         0x080001b7   Thumb Code     0  startup_stm32f4xx.o(.text)
    EXTI9_5_IRQHandler                       0x080001b7   Thumb Code     0  startup_stm32f4xx.o(.text)
    FLASH_IRQHandler                         0x080001b7   Thumb Code     0  startup_stm32f4xx.o(.text)
    FPU_IRQHandler                           0x080001b7   Thumb Code     0  startup_stm32f4xx.o(.text)
    FSMC_IRQHandler                          0x080001b7   Thumb Code     0  startup_stm32f4xx.o(.text)
    HASH_RNG_IRQHandler                      0x080001b7   Thumb Code     0  startup_stm32f4xx.o(.text)
    I2C1_ER_IRQHandler                       0x080001b7   Thumb Code     0  startup_stm32f4xx.o(.text)
    I2C1_EV_IRQHandler                       0x080001b7   Thumb Code     0  startup_stm32f4xx.o(.text)
    I2C2_ER_IRQHandler                       0x080001b7   Thumb Code     0  startup_stm32f4xx.o(.text)
    I2C2_EV_IRQHandler                       0x080001b7   Thumb Code     0  startup_stm32f4xx.o(.text)
    I2C3_ER_IRQHandler                       0x080001b7   Thumb Code     0  startup_stm32f4xx.o(.text)
    I2C3_EV_IRQHandler                       0x080001b7   Thumb Code     0  startup_stm32f4xx.o(.text)
    OTG_FS_IRQHandler                        0x080001b7   Thumb Code     0  startup_stm32f4xx.o(.text)
    OTG_FS_WKUP_IRQHandler                   0x080001b7   Thumb Code     0  startup_stm32f4xx.o(.text)
    OTG_HS_EP1_IN_IRQHandler                 0x080001b7   Thumb Code     0  startup_stm32f4xx.o(.text)
    OTG_HS_EP1_OUT_IRQHandler                0x080001b7   Thumb Code     0  startup_stm32f4xx.o(.text)
    OTG_HS_IRQHandler                        0x080001b7   Thumb Code     0  startup_stm32f4xx.o(.text)
    OTG_HS_WKUP_IRQHandler                   0x080001b7   Thumb Code     0  startup_stm32f4xx.o(.text)
    PVD_IRQHandler                           0x080001b7   Thumb Code     0  startup_stm32f4xx.o(.text)
    RCC_IRQHandler                           0x080001b7   Thumb Code     0  startup_stm32f4xx.o(.text)
    RTC_Alarm_IRQHandler                     0x080001b7   Thumb Code     0  startup_stm32f4xx.o(.text)
    RTC_WKUP_IRQHandler                      0x080001b7   Thumb Code     0  startup_stm32f4xx.o(.text)
    SDIO_IRQHandler                          0x080001b7   Thumb Code     0  startup_stm32f4xx.o(.text)
    SPI1_IRQHandler                          0x080001b7   Thumb Code     0  startup_stm32f4xx.o(.text)
    SPI2_IRQHandler                          0x080001b7   Thumb Code     0  startup_stm32f4xx.o(.text)
    SPI3_IRQHandler                          0x080001b7   Thumb Code     0  startup_stm32f4xx.o(.text)
    TAMP_STAMP_IRQHandler                    0x080001b7   Thumb Code     0  startup_stm32f4xx.o(.text)
    TIM1_BRK_TIM9_IRQHandler                 0x080001b7   Thumb Code     0  startup_stm32f4xx.o(.text)
    TIM1_CC_IRQHandler                       0x080001b7   Thumb Code     0  startup_stm32f4xx.o(.text)
    TIM1_TRG_COM_TIM11_IRQHandler            0x080001b7   Thumb Code     0  startup_stm32f4xx.o(.text)
    TIM1_UP_TIM10_IRQHandler                 0x080001b7   Thumb Code     0  startup_stm32f4xx.o(.text)
    TIM2_IRQHandler                          0x080001b7   Thumb Code     0  startup_stm32f4xx.o(.text)
    TIM3_IRQHandler                          0x080001b7   Thumb Code     0  startup_stm32f4xx.o(.text)
    TIM4_IRQHandler                          0x080001b7   Thumb Code     0  startup_stm32f4xx.o(.text)
    TIM5_IRQHandler                          0x080001b7   Thumb Code     0  startup_stm32f4xx.o(.text)
    TIM6_DAC_IRQHandler                      0x080001b7   Thumb Code     0  startup_stm32f4xx.o(.text)
    TIM7_IRQHandler                          0x080001b7   Thumb Code     0  startup_stm32f4xx.o(.text)
    TIM8_BRK_TIM12_IRQHandler                0x080001b7   Thumb Code     0  startup_stm32f4xx.o(.text)
    TIM8_CC_IRQHandler                       0x080001b7   Thumb Code     0  startup_stm32f4xx.o(.text)
    TIM8_TRG_COM_TIM14_IRQHandler            0x080001b7   Thumb Code     0  startup_stm32f4xx.o(.text)
    TIM8_UP_TIM13_IRQHandler                 0x080001b7   Thumb Code     0  startup_stm32f4xx.o(.text)
    UART4_IRQHandler                         0x080001b7   Thumb Code     0  startup_stm32f4xx.o(.text)
    UART5_IRQHandler                         0x080001b7   Thumb Code     0  startup_stm32f4xx.o(.text)
    USART1_IRQHandler                        0x080001b7   Thumb Code     0  startup_stm32f4xx.o(.text)
    USART2_IRQHandler                        0x080001b7   Thumb Code     0  startup_stm32f4xx.o(.text)
    USART3_IRQHandler                        0x080001b7   Thumb Code     0  startup_stm32f4xx.o(.text)
    USART6_IRQHandler                        0x080001b7   Thumb Code     0  startup_stm32f4xx.o(.text)
    WWDG_IRQHandler                          0x080001b7   Thumb Code     0  startup_stm32f4xx.o(.text)
    __aeabi_memcpy                           0x080001c1   Thumb Code    36  memcpya.o(.text)
    __aeabi_memcpy4                          0x080001c1   Thumb Code     0  memcpya.o(.text)
    __aeabi_memcpy8                          0x080001c1   Thumb Code     0  memcpya.o(.text)
    __aeabi_memset                           0x080001e5   Thumb Code    14  memseta.o(.text)
    __aeabi_memset4                          0x080001e5   Thumb Code     0  memseta.o(.text)
    __aeabi_memset8                          0x080001e5   Thumb Code     0  memseta.o(.text)
    __aeabi_memclr                           0x080001f3   Thumb Code     4  memseta.o(.text)
    __aeabi_memclr4                          0x080001f3   Thumb Code     0  memseta.o(.text)
    __aeabi_memclr8                          0x080001f3   Thumb Code     0  memseta.o(.text)
    _memset$wrapper                          0x080001f7   Thumb Code    18  memseta.o(.text)
    strstr                                   0x08000209   Thumb Code    36  strstr.o(.text)
    strchr                                   0x0800022d   Thumb Code    20  strchr.o(.text)
    strlen                                   0x08000241   Thumb Code    14  strlen.o(.text)
    strcmp                                   0x0800024f   Thumb Code    28  strcmp.o(.text)
    memcmp                                   0x0800026b   Thumb Code    26  memcmp.o(.text)
    strncmp                                  0x08000285   Thumb Code    30  strncmp.o(.text)
    __aeabi_dmul                             0x080002a3   Thumb Code   228  dmul.o(.text)
    __aeabi_ui2d                             0x08000387   Thumb Code    26  dfltui.o(.text)
    __aeabi_d2uiz                            0x080003a1   Thumb Code    50  dfixui.o(.text)
    __aeabi_uidiv                            0x080003d3   Thumb Code     0  uidiv.o(.text)
    __aeabi_uidivmod                         0x080003d3   Thumb Code    44  uidiv.o(.text)
    __aeabi_llsr                             0x080003ff   Thumb Code    32  llushr.o(.text)
    _ll_ushift_r                             0x080003ff   Thumb Code     0  llushr.o(.text)
    __I$use$fp                               0x0800041f   Thumb Code     0  iusefp.o(.text)
    _double_round                            0x0800041f   Thumb Code    30  depilogue.o(.text)
    _double_epilogue                         0x0800043d   Thumb Code   156  depilogue.o(.text)
    __scatterload                            0x080004d9   Thumb Code    28  init.o(.text)
    __scatterload_rt2                        0x080004d9   Thumb Code     0  init.o(.text)
    __aeabi_llsl                             0x080004fd   Thumb Code    30  llshl.o(.text)
    _ll_shift_l                              0x080004fd   Thumb Code     0  llshl.o(.text)
    __decompress                             0x0800051b   Thumb Code     0  __dczerorl2.o(.text)
    __decompress1                            0x0800051b   Thumb Code    86  __dczerorl2.o(.text)
    ADC_Cmd                                  0x08000571   Thumb Code    20  stm32f4xx_adc.o(i.ADC_Cmd)
    ADC_CommonInit                           0x08000585   Thumb Code    34  stm32f4xx_adc.o(i.ADC_CommonInit)
    ADC_GetConversionValue                   0x08000635   Thumb Code     6  stm32f4xx_adc.o(i.ADC_GetConversionValue)
    ADC_Handler                              0x0800063d   Thumb Code   140  httpd_cgi_ssi.o(i.ADC_Handler)
    ADC_Init                                 0x080006d9   Thumb Code    66  stm32f4xx_adc.o(i.ADC_Init)
    ADC_RegularChannelConfig                 0x08000725   Thumb Code   116  stm32f4xx_adc.o(i.ADC_RegularChannelConfig)
    ADC_SoftwareStartConv                    0x08000799   Thumb Code    10  stm32f4xx_adc.o(i.ADC_SoftwareStartConv)
    ADC_StructInit                           0x080007a3   Thumb Code    20  stm32f4xx_adc.o(i.ADC_StructInit)
    BusFault_Handler                         0x080007b7   Thumb Code     2  stm32f4xx_it.o(i.BusFault_Handler)
    DebugMon_Handler                         0x080007b9   Thumb Code     2  stm32f4xx_it.o(i.DebugMon_Handler)
    Delay                                    0x080007bd   Thumb Code    16  main.o(i.Delay)
    ETH_BSP_Config                           0x080007d1   Thumb Code   110  stm32f4x7_eth_bsp.o(i.ETH_BSP_Config)
    ETH_CheckFrameReceived                   0x08000845   Thumb Code   108  stm32f4x7_eth.o(i.ETH_CheckFrameReceived)
    ETH_DMAReceptionCmd                      0x080008b5   Thumb Code    22  stm32f4x7_eth.o(i.ETH_DMAReceptionCmd)
    ETH_DMARxDescChainInit                   0x080008d1   Thumb Code    74  stm32f4x7_eth.o(i.ETH_DMARxDescChainInit)
    ETH_DMATransmissionCmd                   0x08000929   Thumb Code    22  stm32f4x7_eth.o(i.ETH_DMATransmissionCmd)
    ETH_DMATxDescChainInit                   0x08000945   Thumb Code    62  stm32f4x7_eth.o(i.ETH_DMATxDescChainInit)
    ETH_DMATxDescChecksumInsertionConfig     0x0800098d   Thumb Code     8  stm32f4x7_eth.o(i.ETH_DMATxDescChecksumInsertionConfig)
    ETH_DeInit                               0x08000995   Thumb Code    24  stm32f4x7_eth.o(i.ETH_DeInit)
    ETH_FlushTransmitFIFO                    0x080009ad   Thumb Code    28  stm32f4x7_eth.o(i.ETH_FlushTransmitFIFO)
    ETH_GetSoftwareResetStatus               0x08000b39   Thumb Code    14  stm32f4x7_eth.o(i.ETH_GetSoftwareResetStatus)
    ETH_Get_Received_Frame                   0x08000b4d   Thumb Code    32  stm32f4x7_eth.o(i.ETH_Get_Received_Frame)
    ETH_Init                                 0x08000b71   Thumb Code   616  stm32f4x7_eth.o(i.ETH_Init)
    ETH_MACAddressConfig                     0x08000e0d   Thumb Code    22  stm32f4x7_eth.o(i.ETH_MACAddressConfig)
    ETH_MACReceptionCmd                      0x08000ead   Thumb Code    42  stm32f4x7_eth.o(i.ETH_MACReceptionCmd)
    ETH_MACTransmissionCmd                   0x08000edd   Thumb Code    42  stm32f4x7_eth.o(i.ETH_MACTransmissionCmd)
    ETH_Prepare_Transmit_Descriptors         0x08000f0d   Thumb Code   168  stm32f4x7_eth.o(i.ETH_Prepare_Transmit_Descriptors)
    ETH_ReadPHYRegister                      0x08000fbd   Thumb Code    80  stm32f4x7_eth.o(i.ETH_ReadPHYRegister)
    ETH_SoftwareReset                        0x08001015   Thumb Code    12  stm32f4x7_eth.o(i.ETH_SoftwareReset)
    ETH_Start                                0x08001025   Thumb Code    34  stm32f4x7_eth.o(i.ETH_Start)
    ETH_Stop                                 0x08001047   Thumb Code    34  stm32f4x7_eth.o(i.ETH_Stop)
    ETH_StructInit                           0x08001069   Thumb Code   136  stm32f4x7_eth.o(i.ETH_StructInit)
    ETH_WritePHYRegister                     0x080010f1   Thumb Code    76  stm32f4x7_eth.o(i.ETH_WritePHYRegister)
    ETH_link_callback                        0x08001145   Thumb Code   470  stm32f4x7_eth_bsp.o(i.ETH_link_callback)
    EXTI15_10_IRQHandler                     0x080013a1   Thumb Code    34  stm32f4xx_it.o(i.EXTI15_10_IRQHandler)
    EXTI_ClearITPendingBit                   0x080013c5   Thumb Code     6  stm32f4xx_exti.o(i.EXTI_ClearITPendingBit)
    EXTI_GetITStatus                         0x080013d1   Thumb Code    28  stm32f4xx_exti.o(i.EXTI_GetITStatus)
    EXTI_Init                                0x080013f1   Thumb Code   108  stm32f4xx_exti.o(i.EXTI_Init)
    Eth_Link_EXTIConfig                      0x08001461   Thumb Code    98  stm32f4x7_eth_bsp.o(i.Eth_Link_EXTIConfig)
    Eth_Link_ITHandler                       0x080014c9   Thumb Code    46  stm32f4x7_eth_bsp.o(i.Eth_Link_ITHandler)
    Eth_Link_PHYITConfig                     0x080014fd   Thumb Code    54  stm32f4x7_eth_bsp.o(i.Eth_Link_PHYITConfig)
    FSMC_NORSRAMCmd                          0x08001535   Thumb Code    26  stm32f4xx_fsmc.o(i.FSMC_NORSRAMCmd)
    FSMC_NORSRAMInit                         0x08001555   Thumb Code   200  stm32f4xx_fsmc.o(i.FSMC_NORSRAMInit)
    GPIO_Init                                0x0800161d   Thumb Code   162  stm32f4xx_gpio.o(i.GPIO_Init)
    GPIO_PinAFConfig                         0x080016bf   Thumb Code    32  stm32f4xx_gpio.o(i.GPIO_PinAFConfig)
    HardFault_Handler                        0x080016df   Thumb Code     2  stm32f4xx_it.o(i.HardFault_Handler)
    LCD_Clear                                0x080016e1   Thumb Code    38  stm324xg_eval_lcd.o(i.LCD_Clear)
    LCD_ClearLine                            0x08001709   Thumb Code    44  stm324xg_eval_lcd.o(i.LCD_ClearLine)
    LCD_CtrlLinesConfig                      0x08001739   Thumb Code   292  stm324xg_eval_lcd.o(i.LCD_CtrlLinesConfig)
    LCD_DisplayChar                          0x0800186d   Thumb Code    26  stm324xg_eval_lcd.o(i.LCD_DisplayChar)
    LCD_DisplayStringLine                    0x0800188d   Thumb Code    52  stm324xg_eval_lcd.o(i.LCD_DisplayStringLine)
    LCD_DrawChar                             0x080018c5   Thumb Code   120  stm324xg_eval_lcd.o(i.LCD_DrawChar)
    LCD_FSMCConfig                           0x08001941   Thumb Code    88  stm324xg_eval_lcd.o(i.LCD_FSMCConfig)
    LCD_GetFont                              0x08001999   Thumb Code     6  stm324xg_eval_lcd.o(i.LCD_GetFont)
    LCD_Init                                 0x080019a5   Thumb Code  1034  stm324xg_eval_lcd.o(i.LCD_Init)
    LCD_LED_Init                             0x08001db5   Thumb Code   114  main.o(i.LCD_LED_Init)
    LCD_ReadReg                              0x08001e89   Thumb Code    10  stm324xg_eval_lcd.o(i.LCD_ReadReg)
    LCD_SetBackColor                         0x08001e95   Thumb Code    12  stm324xg_eval_lcd.o(i.LCD_SetBackColor)
    LCD_SetCursor                            0x08001ea5   Thumb Code    24  stm324xg_eval_lcd.o(i.LCD_SetCursor)
    LCD_SetTextColor                         0x08001ebd   Thumb Code    12  stm324xg_eval_lcd.o(i.LCD_SetTextColor)
    LCD_WriteReg                             0x08001ecd   Thumb Code    10  stm324xg_eval_lcd.o(i.LCD_WriteReg)
    LEDS_CGI_Handler                         0x08001ed9   Thumb Code   130  httpd_cgi_ssi.o(i.LEDS_CGI_Handler)
    LwIP_Init                                0x08001f85   Thumb Code   210  netconf.o(i.LwIP_Init)
    LwIP_Periodic_Handle                     0x080020cd   Thumb Code    50  netconf.o(i.LwIP_Periodic_Handle)
    LwIP_Pkt_Handle                          0x08002105   Thumb Code     6  netconf.o(i.LwIP_Pkt_Handle)
    MemManage_Handler                        0x08002111   Thumb Code     2  stm32f4xx_it.o(i.MemManage_Handler)
    NMI_Handler                              0x08002113   Thumb Code     2  stm32f4xx_it.o(i.NMI_Handler)
    NVIC_Init                                0x08002115   Thumb Code    96  misc.o(i.NVIC_Init)
    NVIC_PriorityGroupConfig                 0x08002179   Thumb Code    10  misc.o(i.NVIC_PriorityGroupConfig)
    RCC_AHB1PeriphClockCmd                   0x080021ad   Thumb Code    18  stm32f4xx_rcc.o(i.RCC_AHB1PeriphClockCmd)
    RCC_AHB1PeriphResetCmd                   0x080021c5   Thumb Code    18  stm32f4xx_rcc.o(i.RCC_AHB1PeriphResetCmd)
    RCC_AHB3PeriphClockCmd                   0x080021dd   Thumb Code    18  stm32f4xx_rcc.o(i.RCC_AHB3PeriphClockCmd)
    RCC_APB2PeriphClockCmd                   0x080021f5   Thumb Code    18  stm32f4xx_rcc.o(i.RCC_APB2PeriphClockCmd)
    RCC_GetClocksFreq                        0x0800220d   Thumb Code   132  stm32f4xx_rcc.o(i.RCC_GetClocksFreq)
    RCC_MCO1Config                           0x080022a1   Thumb Code    16  stm32f4xx_rcc.o(i.RCC_MCO1Config)
    STM_EVAL_LEDInit                         0x080022b5   Thumb Code    62  stm324xg_eval.o(i.STM_EVAL_LEDInit)
    STM_EVAL_LEDOff                          0x080022fd   Thumb Code    16  stm324xg_eval.o(i.STM_EVAL_LEDOff)
    STM_EVAL_LEDOn                           0x08002315   Thumb Code    16  stm324xg_eval.o(i.STM_EVAL_LEDOn)
    SYSCFG_ETH_MediaInterfaceConfig          0x0800232d   Thumb Code     8  stm32f4xx_syscfg.o(i.SYSCFG_ETH_MediaInterfaceConfig)
    SYSCFG_EXTILineConfig                    0x08002339   Thumb Code    42  stm32f4xx_syscfg.o(i.SYSCFG_EXTILineConfig)
    SysTick_CLKSourceConfig                  0x08002435   Thumb Code    24  misc.o(i.SysTick_CLKSourceConfig)
    SysTick_Handler                          0x0800244d   Thumb Code     4  stm32f4xx_it.o(i.SysTick_Handler)
    SystemInit                               0x08002451   Thumb Code    74  system_stm32f4xx.o(i.SystemInit)
    Time_Update                              0x080024ad   Thumb Code    10  main.o(i.Time_Update)
    UsageFault_Handler                       0x080024bd   Thumb Code     2  stm32f4xx_it.o(i.UsageFault_Handler)
    __0sprintf$1                             0x080024c1   Thumb Code    34  printf1.o(i.__0sprintf$1)
    __1sprintf$1                             0x080024c1   Thumb Code     0  printf1.o(i.__0sprintf$1)
    __2sprintf                               0x080024c1   Thumb Code     0  printf1.o(i.__0sprintf$1)
    __scatterload_copy                       0x080024e9   Thumb Code    14  handlers.o(i.__scatterload_copy)
    __scatterload_null                       0x080024f7   Thumb Code     2  handlers.o(i.__scatterload_null)
    __scatterload_zeroinit                   0x080024f9   Thumb Code    14  handlers.o(i.__scatterload_zeroinit)
    dhcp_arp_reply                           0x08002685   Thumb Code    30  dhcp.o(i.dhcp_arp_reply)
    dhcp_network_changed                     0x08002915   Thumb Code    70  dhcp.o(i.dhcp_network_changed)
    etharp_cleanup_netif                     0x08002b9d   Thumb Code    42  etharp.o(i.etharp_cleanup_netif)
    etharp_output                            0x08002ccd   Thumb Code   246  etharp.o(i.etharp_output)
    etharp_query                             0x08002e15   Thumb Code   228  etharp.o(i.etharp_query)
    etharp_request                           0x08002fa1   Thumb Code    32  etharp.o(i.etharp_request)
    etharp_tmr                               0x08002fe5   Thumb Code    68  etharp.o(i.etharp_tmr)
    ethernet_input                           0x080030a9   Thumb Code   138  etharp.o(i.ethernet_input)
    ethernetif_init                          0x08003139   Thumb Code    30  ethernetif.o(i.ethernetif_init)
    ethernetif_input                         0x08003161   Thumb Code    38  ethernetif.o(i.ethernetif_input)
    fs_bytes_left                            0x080031f3   Thumb Code     8  fs.o(i.fs_bytes_left)
    fs_close                                 0x080031fb   Thumb Code     4  fs.o(i.fs_close)
    fs_open                                  0x0800322d   Thumb Code   100  fs.o(i.fs_open)
    fs_read                                  0x08003299   Thumb Code    50  fs.o(i.fs_read)
    http_set_cgi_handlers                    0x08003b59   Thumb Code     8  httpd.o(i.http_set_cgi_handlers)
    http_set_ssi_handler                     0x08003b65   Thumb Code    10  httpd.o(i.http_set_ssi_handler)
    httpd_cgi_init                           0x08003bd9   Thumb Code    20  httpd_cgi_ssi.o(i.httpd_cgi_init)
    httpd_init                               0x08003bf5   Thumb Code    62  httpd.o(i.httpd_init)
    httpd_ssi_init                           0x08003c3d   Thumb Code    12  httpd_cgi_ssi.o(i.httpd_ssi_init)
    icmp_dest_unreach                        0x08003c51   Thumb Code     8  icmp.o(i.icmp_dest_unreach)
    icmp_input                               0x08003c59   Thumb Code   242  icmp.o(i.icmp_input)
    icmp_time_exceeded                       0x08003db9   Thumb Code     8  icmp.o(i.icmp_time_exceeded)
    inet_chksum                              0x08003dc1   Thumb Code    12  inet_chksum.o(i.inet_chksum)
    inet_chksum_pbuf                         0x08003dcd   Thumb Code    72  inet_chksum.o(i.inet_chksum_pbuf)
    ip4_addr_isbroadcast                     0x08003e15   Thumb Code    46  ip_addr.o(i.ip4_addr_isbroadcast)
    ip_frag                                  0x08003e45   Thumb Code   352  ip_frag.o(i.ip_frag)
    ip_input                                 0x08003fb1   Thumb Code   372  ip.o(i.ip_input)
    ip_output                                0x0800412d   Thumb Code    52  ip.o(i.ip_output)
    ip_output_if                             0x08004161   Thumb Code   164  ip.o(i.ip_output_if)
    ip_reass                                 0x08004209   Thumb Code   392  ip_frag.o(i.ip_reass)
    ip_route                                 0x0800457d   Thumb Code    54  ip.o(i.ip_route)
    lwip_htonl                               0x080047b5   Thumb Code     4  def.o(i.lwip_htonl)
    lwip_htons                               0x080047b9   Thumb Code     4  def.o(i.lwip_htons)
    lwip_ntohl                               0x080047bd   Thumb Code     4  def.o(i.lwip_ntohl)
    lwip_ntohs                               0x080047c1   Thumb Code     4  def.o(i.lwip_ntohs)
    main                                     0x0800481d   Thumb Code    46  main.o(i.main)
    mem_free                                 0x08004851   Thumb Code    40  mem.o(i.mem_free)
    mem_init                                 0x0800487d   Thumb Code    42  mem.o(i.mem_init)
    mem_malloc                               0x080048b1   Thumb Code   162  mem.o(i.mem_malloc)
    mem_trim                                 0x08004959   Thumb Code   200  mem.o(i.mem_trim)
    memp_free                                0x08004a25   Thumb Code    18  memp.o(i.memp_free)
    memp_init                                0x08004a3d   Thumb Code    78  memp.o(i.memp_init)
    memp_malloc                              0x08004a95   Thumb Code    28  memp.o(i.memp_malloc)
    netif_add                                0x08004ab5   Thumb Code    72  netif.o(i.netif_add)
    netif_set_addr                           0x08004b01   Thumb Code    32  netif.o(i.netif_set_addr)
    netif_set_default                        0x08004b21   Thumb Code     6  netif.o(i.netif_set_default)
    netif_set_down                           0x08004b2d   Thumb Code    26  netif.o(i.netif_set_down)
    netif_set_gw                             0x08004b47   Thumb Code     8  netif.o(i.netif_set_gw)
    netif_set_ipaddr                         0x08004b51   Thumb Code    96  netif.o(i.netif_set_ipaddr)
    netif_set_link_callback                  0x08004bb9   Thumb Code     8  netif.o(i.netif_set_link_callback)
    netif_set_link_down                      0x08004bc1   Thumb Code    26  netif.o(i.netif_set_link_down)
    netif_set_link_up                        0x08004bdb   Thumb Code    66  netif.o(i.netif_set_link_up)
    netif_set_netmask                        0x08004c1d   Thumb Code     8  netif.o(i.netif_set_netmask)
    netif_set_up                             0x08004c25   Thumb Code    32  netif.o(i.netif_set_up)
    pbuf_alloc                               0x08004c45   Thumb Code   280  pbuf.o(i.pbuf_alloc)
    pbuf_alloced_custom                      0x08004d5d   Thumb Code    84  pbuf.o(i.pbuf_alloced_custom)
    pbuf_cat                                 0x08004db1   Thumb Code    40  pbuf.o(i.pbuf_cat)
    pbuf_chain                               0x08004dd9   Thumb Code    18  pbuf.o(i.pbuf_chain)
    pbuf_clen                                0x08004deb   Thumb Code    18  pbuf.o(i.pbuf_clen)
    pbuf_copy                                0x08004dfd   Thumb Code   154  pbuf.o(i.pbuf_copy)
    pbuf_copy_partial                        0x08004e97   Thumb Code   104  pbuf.o(i.pbuf_copy_partial)
    pbuf_free                                0x08004eff   Thumb Code    80  pbuf.o(i.pbuf_free)
    pbuf_header                              0x08004f4f   Thumb Code    96  pbuf.o(i.pbuf_header)
    pbuf_realloc                             0x08004faf   Thumb Code    78  pbuf.o(i.pbuf_realloc)
    pbuf_ref                                 0x08004ffd   Thumb Code    12  pbuf.o(i.pbuf_ref)
    raw_input                                0x0800505d   Thumb Code   104  raw.o(i.raw_input)
    tcp_abandon                              0x08005111   Thumb Code   136  tcp.o(i.tcp_abandon)
    tcp_abort                                0x0800519d   Thumb Code     6  tcp.o(i.tcp_abort)
    tcp_accept                               0x080051a3   Thumb Code     4  tcp.o(i.tcp_accept)
    tcp_alloc                                0x080051ad   Thumb Code   236  tcp.o(i.tcp_alloc)
    tcp_arg                                  0x080052a5   Thumb Code     4  tcp.o(i.tcp_arg)
    tcp_bind                                 0x080052a9   Thumb Code   122  tcp.o(i.tcp_bind)
    tcp_close                                0x0800532d   Thumb Code    20  tcp.o(i.tcp_close)
    tcp_eff_send_mss                         0x08005503   Thumb Code    32  tcp.o(i.tcp_eff_send_mss)
    tcp_enqueue_flags                        0x08005523   Thumb Code   166  tcp_out.o(i.tcp_enqueue_flags)
    tcp_err                                  0x080055c9   Thumb Code     6  tcp.o(i.tcp_err)
    tcp_fasttmr                              0x080055d1   Thumb Code    90  tcp.o(i.tcp_fasttmr)
    tcp_input                                0x08005631   Thumb Code   758  tcp_in.o(i.tcp_input)
    tcp_keepalive                            0x08005945   Thumb Code    60  tcp_out.o(i.tcp_keepalive)
    tcp_listen_with_backlog                  0x08005a65   Thumb Code   126  tcp.o(i.tcp_listen_with_backlog)
    tcp_new                                  0x08005aed   Thumb Code     6  tcp.o(i.tcp_new)
    tcp_next_iss                             0x08005b51   Thumb Code    12  tcp.o(i.tcp_next_iss)
    tcp_output                               0x08005b61   Thumb Code   392  tcp_out.o(i.tcp_output)
    tcp_pcb_purge                            0x08005ed7   Thumb Code    58  tcp.o(i.tcp_pcb_purge)
    tcp_pcb_remove                           0x08005f11   Thumb Code    82  tcp.o(i.tcp_pcb_remove)
    tcp_poll                                 0x08005f69   Thumb Code    10  tcp.o(i.tcp_poll)
    tcp_process_refused_data                 0x080062a9   Thumb Code   102  tcp.o(i.tcp_process_refused_data)
    tcp_recv                                 0x08006723   Thumb Code     4  tcp.o(i.tcp_recv)
    tcp_recv_null                            0x08006727   Thumb Code    36  tcp.o(i.tcp_recv_null)
    tcp_recved                               0x0800674b   Thumb Code    56  tcp.o(i.tcp_recved)
    tcp_rexmit                               0x08006783   Thumb Code    82  tcp_out.o(i.tcp_rexmit)
    tcp_rexmit_fast                          0x080067d5   Thumb Code    88  tcp_out.o(i.tcp_rexmit_fast)
    tcp_rexmit_rto                           0x0800682d   Thumb Code    46  tcp_out.o(i.tcp_rexmit_rto)
    tcp_rst                                  0x0800685b   Thumb Code   118  tcp_out.o(i.tcp_rst)
    tcp_seg_free                             0x080068d1   Thumb Code    28  tcp.o(i.tcp_seg_free)
    tcp_segs_free                            0x080068ed   Thumb Code    18  tcp.o(i.tcp_segs_free)
    tcp_send_empty_ack                       0x080068ff   Thumb Code    72  tcp_out.o(i.tcp_send_empty_ack)
    tcp_send_fin                             0x08006947   Thumb Code    68  tcp_out.o(i.tcp_send_fin)
    tcp_sent                                 0x0800698b   Thumb Code     4  tcp.o(i.tcp_sent)
    tcp_setprio                              0x0800698f   Thumb Code     4  tcp.o(i.tcp_setprio)
    tcp_slowtmr                              0x08006995   Thumb Code   588  tcp.o(i.tcp_slowtmr)
    tcp_timer_needed                         0x08006bf1   Thumb Code     2  timers.o(i.tcp_timer_needed)
    tcp_tmr                                  0x08006c61   Thumb Code    28  tcp.o(i.tcp_tmr)
    tcp_update_rcv_ann_wnd                   0x08006c81   Thumb Code    52  tcp.o(i.tcp_update_rcv_ann_wnd)
    tcp_write                                0x08006cb5   Thumb Code   740  tcp_out.o(i.tcp_write)
    tcp_zero_window_probe                    0x08006f99   Thumb Code   138  tcp_out.o(i.tcp_zero_window_probe)
    udp_bind                                 0x08007025   Thumb Code   148  udp.o(i.udp_bind)
    udp_input                                0x080070bd   Thumb Code   364  udp.o(i.udp_input)
    udp_sendto_if                            0x08007235   Thumb Code   182  udp.o(i.udp_sendto_if)
    file__STM32F4x7_files_logo_jpg           0x08013ecc   Data          20  fs.o(.constdata)
    file__STM32F4x7_files_ST_gif             0x08013ee0   Data          20  fs.o(.constdata)
    file__STM32F4x7_files_stm32_jpg          0x08013ef4   Data          20  fs.o(.constdata)
    file__404_html                           0x08013f08   Data          20  fs.o(.constdata)
    file__index_html                         0x08013f1c   Data          20  fs.o(.constdata)
    file__STM32F4x7ADC_shtml                 0x08013f30   Data          20  fs.o(.constdata)
    file__STM32F4x7LED_html                  0x08013f44   Data          20  fs.o(.constdata)
    LEDS_CGI                                 0x08013f58   Data           8  httpd_cgi_ssi.o(.constdata)
    g_pcTagLeadIn                            0x08013f60   Data           4  httpd.o(.constdata)
    g_pcTagLeadOut                           0x08013f64   Data           4  httpd.o(.constdata)
    g_psDefaultFilenames                     0x08013f68   Data          40  httpd.o(.constdata)
    tcp_persist_backoff                      0x08013fb4   Data           7  tcp.o(.constdata)
    tcp_state_str                            0x08013fbc   Data          44  tcp.o(.constdata)
    tcp_backoff                              0x08013fe8   Data          13  tcp.o(.constdata)
    tcp_pcb_lists                            0x08013ff8   Data          16  tcp.o(.constdata)
    ip_addr_any                              0x08014008   Data           4  ip_addr.o(.constdata)
    ip_addr_broadcast                        0x0801400c   Data           4  ip_addr.o(.constdata)
    ethbroadcast                             0x08014010   Data           6  etharp.o(.constdata)
    ethzero                                  0x08014016   Data           6  etharp.o(.constdata)
    ASCII16x24_Table                         0x0801401c   Data        4560  stm324xg_eval_lcd.o(.constdata)
    COM_TX_PIN                               0x080151ec   Data           2  stm324xg_eval.o(.constdata)
    COM_RX_PIN                               0x080151ee   Data           2  stm324xg_eval.o(.constdata)
    COM_TX_PIN_SOURCE                        0x080151f0   Data           2  stm324xg_eval.o(.constdata)
    COM_RX_PIN_SOURCE                        0x080151f2   Data           2  stm324xg_eval.o(.constdata)
    COM_TX_AF                                0x080151f4   Data           2  stm324xg_eval.o(.constdata)
    COM_RX_AF                                0x080151f6   Data           2  stm324xg_eval.o(.constdata)
    COM_USART_CLK                            0x080151f8   Data           4  stm324xg_eval.o(.constdata)
    COM_TX_PORT_CLK                          0x080151fc   Data           4  stm324xg_eval.o(.constdata)
    COM_RX_PORT_CLK                          0x08015200   Data           4  stm324xg_eval.o(.constdata)
    BUTTON_PIN                               0x08015204   Data           6  stm324xg_eval.o(.constdata)
    BUTTON_EXTI_LINE                         0x0801520a   Data           6  stm324xg_eval.o(.constdata)
    BUTTON_PORT_SOURCE                       0x08015210   Data           6  stm324xg_eval.o(.constdata)
    BUTTON_PIN_SOURCE                        0x08015216   Data           6  stm324xg_eval.o(.constdata)
    BUTTON_IRQn                              0x0801521c   Data           6  stm324xg_eval.o(.constdata)
    GPIO_PIN                                 0x08015222   Data           8  stm324xg_eval.o(.constdata)
    GPIO_CLK                                 0x0801522c   Data          16  stm324xg_eval.o(.constdata)
    BUTTON_CLK                               0x0801523c   Data          12  stm324xg_eval.o(.constdata)
    Region$$Table$$Base                      0x0801533c   Number         0  anon$$obj.o(Region$$Table)
    Region$$Table$$Limit                     0x0801535c   Number         0  anon$$obj.o(Region$$Table)
    LocalTime                                0x20000000   Data           4  main.o(.data)
    timingdelay                              0x20000004   Data           4  main.o(.data)
    TCPTimer                                 0x20000008   Data           4  netconf.o(.data)
    ARPTimer                                 0x2000000c   Data           4  netconf.o(.data)
    EthStatus                                0x20000010   Data           4  stm32f4x7_eth_bsp.o(.data)
    ADC_not_configured                       0x20000014   Data           4  httpd_cgi_ssi.o(.data)
    TAGS                                     0x20000018   Data           4  httpd_cgi_ssi.o(.data)
    CGI_TAB                                  0x2000001c   Data           8  httpd_cgi_ssi.o(.data)
    TAGCHAR                                  0x20000024   Data           4  httpd_cgi_ssi.o(.data)
    g_pfnSSIHandler                          0x20000028   Data           4  httpd.o(.data)
    g_iNumTags                               0x2000002c   Data           4  httpd.o(.data)
    g_ppcTags                                0x20000030   Data           4  httpd.o(.data)
    g_pCGIs                                  0x20000034   Data           4  httpd.o(.data)
    g_iNumCGIs                               0x20000038   Data           4  httpd.o(.data)
    g_pcSSIExtensions                        0x2000003c   Data          16  httpd.o(.data)
    netif_list                               0x20000060   Data           4  netif.o(.data)
    netif_default                            0x20000064   Data           4  netif.o(.data)
    tcp_active_pcbs_changed                  0x2000006c   Data           1  tcp.o(.data)
    tcp_ticks                                0x20000078   Data           4  tcp.o(.data)
    tcp_bound_pcbs                           0x2000007c   Data           4  tcp.o(.data)
    tcp_listen_pcbs                          0x20000080   Data           4  tcp.o(.data)
    tcp_active_pcbs                          0x20000084   Data           4  tcp.o(.data)
    tcp_tw_pcbs                              0x20000088   Data           4  tcp.o(.data)
    tcp_tmp_pcb                              0x2000008c   Data           4  tcp.o(.data)
    tcp_input_pcb                            0x200000a8   Data           4  tcp_in.o(.data)
    udp_pcbs                                 0x200000b0   Data           4  udp.o(.data)
    current_netif                            0x200000b8   Data           4  ip.o(.data)
    current_header                           0x200000bc   Data           4  ip.o(.data)
    current_iphdr_src                        0x200000c0   Data           4  ip.o(.data)
    current_iphdr_dest                       0x200000c4   Data           4  ip.o(.data)
    DMATxDescToSet                           0x200000e4   Data           4  stm32f4x7_eth.o(.data)
    DMARxDescToGet                           0x200000e8   Data           4  stm32f4x7_eth.o(.data)
    DMA_RX_FRAME_infos                       0x200000ec   Data           4  stm32f4x7_eth.o(.data)
    TextColor                                0x200000f0   Data           2  stm324xg_eval_lcd.o(.data)
    BackColor                                0x200000f2   Data           2  stm324xg_eval_lcd.o(.data)
    Font16x24                                0x200000f8   Data           8  stm324xg_eval_lcd.o(.data)
    COM_USART                                0x20000100   Data           4  stm324xg_eval.o(.data)
    COM_TX_PORT                              0x20000104   Data           4  stm324xg_eval.o(.data)
    COM_RX_PORT                              0x20000108   Data           4  stm324xg_eval.o(.data)
    NVIC_InitStructure                       0x2000010c   Data           4  stm324xg_eval.o(.data)
    GPIO_PORT                                0x20000110   Data          16  stm324xg_eval.o(.data)
    BUTTON_PORT                              0x20000120   Data          12  stm324xg_eval.o(.data)
    gnetif                                   0x2000012c   Data          56  netconf.o(.bss)
    ETH_InitStructure                        0x20000164   Data         188  stm32f4x7_eth_bsp.o(.bss)
    fs_memory                                0x20000220   Data         240  fs.o(.bss)
    ram_heap                                 0x20000710   Data       10260  mem.o(.bss)
    DMARxDscrTab                             0x200053ec   Data         128  stm32f4x7_eth.o(.bss)
    DMATxDscrTab                             0x2000546c   Data         128  stm32f4x7_eth.o(.bss)
    Rx_Buff                                  0x200054ec   Data        6096  stm32f4x7_eth.o(.bss)
    Tx_Buff                                  0x20006cbc   Data        6096  stm32f4x7_eth.o(.bss)
    RX_Frame_Descriptor                      0x2000848c   Data          12  stm32f4x7_eth.o(.bss)
    __initial_sp                             0x20008898   Data           0  startup_stm32f4xx.o(STACK)



==============================================================================

Memory Map of the image

  Image Entry point : 0x08000189

  Load Region LR_IROM1 (Base: 0x08000000, Size: 0x00015488, Max: 0x00100000, ABSOLUTE, COMPRESSED[0x000153b0])

    Execution Region ER_IROM1 (Exec base: 0x08000000, Load base: 0x08000000, Size: 0x0001535c, Max: 0x00100000, ABSOLUTE)

    Exec Addr    Load Addr    Size         Type   Attr      Idx    E Section Name        Object

    0x08000000   0x08000000   0x00000188   Data   RO          143    RESET               startup_stm32f4xx.o
    0x08000188   0x08000188   0x00000000   Code   RO         5024  * .ARM.Collect$$$$00000000  mc_w.l(entry.o)
    0x08000188   0x08000188   0x00000004   Code   RO         5318    .ARM.Collect$$$$00000001  mc_w.l(entry2.o)
    0x0800018c   0x0800018c   0x00000004   Code   RO         5321    .ARM.Collect$$$$00000004  mc_w.l(entry5.o)
    0x08000190   0x08000190   0x00000000   Code   RO         5323    .ARM.Collect$$$$00000008  mc_w.l(entry7b.o)
    0x08000190   0x08000190   0x00000000   Code   RO         5325    .ARM.Collect$$$$0000000A  mc_w.l(entry8b.o)
    0x08000190   0x08000190   0x00000008   Code   RO         5326    .ARM.Collect$$$$0000000B  mc_w.l(entry9a.o)
    0x08000198   0x08000198   0x00000000   Code   RO         5328    .ARM.Collect$$$$0000000D  mc_w.l(entry10a.o)
    0x08000198   0x08000198   0x00000000   Code   RO         5330    .ARM.Collect$$$$0000000F  mc_w.l(entry11a.o)
    0x08000198   0x08000198   0x00000004   Code   RO         5319    .ARM.Collect$$$$00002712  mc_w.l(entry2.o)
    0x0800019c   0x0800019c   0x00000024   Code   RO          144    .text               startup_stm32f4xx.o
    0x080001c0   0x080001c0   0x00000024   Code   RO         5027    .text               mc_w.l(memcpya.o)
    0x080001e4   0x080001e4   0x00000024   Code   RO         5029    .text               mc_w.l(memseta.o)
    0x08000208   0x08000208   0x00000024   Code   RO         5031    .text               mc_w.l(strstr.o)
    0x0800022c   0x0800022c   0x00000014   Code   RO         5033    .text               mc_w.l(strchr.o)
    0x08000240   0x08000240   0x0000000e   Code   RO         5035    .text               mc_w.l(strlen.o)
    0x0800024e   0x0800024e   0x0000001c   Code   RO         5037    .text               mc_w.l(strcmp.o)
    0x0800026a   0x0800026a   0x0000001a   Code   RO         5039    .text               mc_w.l(memcmp.o)
    0x08000284   0x08000284   0x0000001e   Code   RO         5041    .text               mc_w.l(strncmp.o)
    0x080002a2   0x080002a2   0x000000e4   Code   RO         5306    .text               mf_w.l(dmul.o)
    0x08000386   0x08000386   0x0000001a   Code   RO         5310    .text               mf_w.l(dfltui.o)
    0x080003a0   0x080003a0   0x00000032   Code   RO         5312    .text               mf_w.l(dfixui.o)
    0x080003d2   0x080003d2   0x0000002c   Code   RO         5335    .text               mc_w.l(uidiv.o)
    0x080003fe   0x080003fe   0x00000020   Code   RO         5339    .text               mc_w.l(llushr.o)
    0x0800041e   0x0800041e   0x00000000   Code   RO         5341    .text               mc_w.l(iusefp.o)
    0x0800041e   0x0800041e   0x000000ba   Code   RO         5342    .text               mf_w.l(depilogue.o)
    0x080004d8   0x080004d8   0x00000024   Code   RO         5350    .text               mc_w.l(init.o)
    0x080004fc   0x080004fc   0x0000001e   Code   RO         5353    .text               mc_w.l(llshl.o)
    0x0800051a   0x0800051a   0x00000056   Code   RO         5366    .text               mc_w.l(__dczerorl2.o)
    0x08000570   0x08000570   0x00000014   Code   RO         2516    i.ADC_Cmd           stm32f4xx_adc.o
    0x08000584   0x08000584   0x0000002c   Code   RO         2517    i.ADC_CommonInit    stm32f4xx_adc.o
    0x080005b0   0x080005b0   0x00000084   Code   RO          570    i.ADC_Configuration  httpd_cgi_ssi.o
    0x08000634   0x08000634   0x00000006   Code   RO         2528    i.ADC_GetConversionValue  stm32f4xx_adc.o
    0x0800063a   0x0800063a   0x00000002   PAD
    0x0800063c   0x0800063c   0x0000009c   Code   RO          571    i.ADC_Handler       httpd_cgi_ssi.o
    0x080006d8   0x080006d8   0x0000004c   Code   RO         2536    i.ADC_Init          stm32f4xx_adc.o
    0x08000724   0x08000724   0x00000074   Code   RO         2541    i.ADC_RegularChannelConfig  stm32f4xx_adc.o
    0x08000798   0x08000798   0x0000000a   Code   RO         2543    i.ADC_SoftwareStartConv  stm32f4xx_adc.o
    0x080007a2   0x080007a2   0x00000014   Code   RO         2545    i.ADC_StructInit    stm32f4xx_adc.o
    0x080007b6   0x080007b6   0x00000002   Code   RO          427    i.BusFault_Handler  stm32f4xx_it.o
    0x080007b8   0x080007b8   0x00000002   Code   RO          428    i.DebugMon_Handler  stm32f4xx_it.o
    0x080007ba   0x080007ba   0x00000002   PAD
    0x080007bc   0x080007bc   0x00000014   Code   RO          150    i.Delay             main.o
    0x080007d0   0x080007d0   0x00000074   Code   RO          351    i.ETH_BSP_Config    stm32f4x7_eth_bsp.o
    0x08000844   0x08000844   0x00000070   Code   RO         4129    i.ETH_CheckFrameReceived  stm32f4x7_eth.o
    0x080008b4   0x080008b4   0x0000001c   Code   RO         4133    i.ETH_DMAReceptionCmd  stm32f4x7_eth.o
    0x080008d0   0x080008d0   0x00000058   Code   RO         4134    i.ETH_DMARxDescChainInit  stm32f4x7_eth.o
    0x08000928   0x08000928   0x0000001c   Code   RO         4136    i.ETH_DMATransmissionCmd  stm32f4x7_eth.o
    0x08000944   0x08000944   0x00000048   Code   RO         4139    i.ETH_DMATxDescChainInit  stm32f4x7_eth.o
    0x0800098c   0x0800098c   0x00000008   Code   RO         4140    i.ETH_DMATxDescChecksumInsertionConfig  stm32f4x7_eth.o
    0x08000994   0x08000994   0x00000018   Code   RO         4145    i.ETH_DeInit        stm32f4x7_eth.o
    0x080009ac   0x080009ac   0x00000020   Code   RO         4147    i.ETH_FlushTransmitFIFO  stm32f4x7_eth.o
    0x080009cc   0x080009cc   0x0000016c   Code   RO          352    i.ETH_GPIO_Config   stm32f4x7_eth_bsp.o
    0x08000b38   0x08000b38   0x00000014   Code   RO         4173    i.ETH_GetSoftwareResetStatus  stm32f4x7_eth.o
    0x08000b4c   0x08000b4c   0x00000024   Code   RO         4175    i.ETH_Get_Received_Frame  stm32f4x7_eth.o
    0x08000b70   0x08000b70   0x0000029c   Code   RO         4178    i.ETH_Init          stm32f4x7_eth.o
    0x08000e0c   0x08000e0c   0x0000001c   Code   RO         4180    i.ETH_MACAddressConfig  stm32f4x7_eth.o
    0x08000e28   0x08000e28   0x00000084   Code   RO          353    i.ETH_MACDMA_Config  stm32f4x7_eth_bsp.o
    0x08000eac   0x08000eac   0x00000030   Code   RO         4185    i.ETH_MACReceptionCmd  stm32f4x7_eth.o
    0x08000edc   0x08000edc   0x00000030   Code   RO         4186    i.ETH_MACTransmissionCmd  stm32f4x7_eth.o
    0x08000f0c   0x08000f0c   0x000000b0   Code   RO         4197    i.ETH_Prepare_Transmit_Descriptors  stm32f4x7_eth.o
    0x08000fbc   0x08000fbc   0x00000058   Code   RO         4198    i.ETH_ReadPHYRegister  stm32f4x7_eth.o
    0x08001014   0x08001014   0x00000010   Code   RO         4206    i.ETH_SoftwareReset  stm32f4x7_eth.o
    0x08001024   0x08001024   0x00000022   Code   RO         4207    i.ETH_Start         stm32f4x7_eth.o
    0x08001046   0x08001046   0x00000022   Code   RO         4208    i.ETH_Stop          stm32f4x7_eth.o
    0x08001068   0x08001068   0x00000088   Code   RO         4209    i.ETH_StructInit    stm32f4x7_eth.o
    0x080010f0   0x080010f0   0x00000054   Code   RO         4211    i.ETH_WritePHYRegister  stm32f4x7_eth.o
    0x08001144   0x08001144   0x0000025c   Code   RO          354    i.ETH_link_callback  stm32f4x7_eth_bsp.o
    0x080013a0   0x080013a0   0x00000022   Code   RO          429    i.EXTI15_10_IRQHandler  stm32f4xx_it.o
    0x080013c2   0x080013c2   0x00000002   PAD
    0x080013c4   0x080013c4   0x0000000c   Code   RO         2881    i.EXTI_ClearITPendingBit  stm32f4xx_exti.o
    0x080013d0   0x080013d0   0x00000020   Code   RO         2885    i.EXTI_GetITStatus  stm32f4xx_exti.o
    0x080013f0   0x080013f0   0x00000070   Code   RO         2886    i.EXTI_Init         stm32f4xx_exti.o
    0x08001460   0x08001460   0x00000068   Code   RO          355    i.Eth_Link_EXTIConfig  stm32f4x7_eth_bsp.o
    0x080014c8   0x080014c8   0x00000034   Code   RO          356    i.Eth_Link_ITHandler  stm32f4x7_eth_bsp.o
    0x080014fc   0x080014fc   0x00000036   Code   RO          357    i.Eth_Link_PHYITConfig  stm32f4x7_eth_bsp.o
    0x08001532   0x08001532   0x00000002   PAD
    0x08001534   0x08001534   0x00000020   Code   RO         3159    i.FSMC_NORSRAMCmd   stm32f4xx_fsmc.o
    0x08001554   0x08001554   0x000000c8   Code   RO         3161    i.FSMC_NORSRAMInit  stm32f4xx_fsmc.o
    0x0800161c   0x0800161c   0x000000a2   Code   RO         3277    i.GPIO_Init         stm32f4xx_gpio.o
    0x080016be   0x080016be   0x00000020   Code   RO         3278    i.GPIO_PinAFConfig  stm32f4xx_gpio.o
    0x080016de   0x080016de   0x00000002   Code   RO          430    i.HardFault_Handler  stm32f4xx_it.o
    0x080016e0   0x080016e0   0x00000026   Code   RO         4652    i.LCD_Clear         stm324xg_eval_lcd.o
    0x08001706   0x08001706   0x00000002   PAD
    0x08001708   0x08001708   0x00000030   Code   RO         4653    i.LCD_ClearLine     stm324xg_eval_lcd.o
    0x08001738   0x08001738   0x00000134   Code   RO         4656    i.LCD_CtrlLinesConfig  stm324xg_eval_lcd.o
    0x0800186c   0x0800186c   0x00000020   Code   RO         4658    i.LCD_DisplayChar   stm324xg_eval_lcd.o
    0x0800188c   0x0800188c   0x00000038   Code   RO         4661    i.LCD_DisplayStringLine  stm324xg_eval_lcd.o
    0x080018c4   0x080018c4   0x0000007c   Code   RO         4662    i.LCD_DrawChar      stm324xg_eval_lcd.o
    0x08001940   0x08001940   0x00000058   Code   RO         4670    i.LCD_FSMCConfig    stm324xg_eval_lcd.o
    0x08001998   0x08001998   0x0000000c   Code   RO         4673    i.LCD_GetFont       stm324xg_eval_lcd.o
    0x080019a4   0x080019a4   0x00000410   Code   RO         4674    i.LCD_Init          stm324xg_eval_lcd.o
    0x08001db4   0x08001db4   0x000000d4   Code   RO          151    i.LCD_LED_Init      main.o
    0x08001e88   0x08001e88   0x0000000a   Code   RO         4680    i.LCD_ReadReg       stm324xg_eval_lcd.o
    0x08001e92   0x08001e92   0x00000002   PAD
    0x08001e94   0x08001e94   0x00000010   Code   RO         4681    i.LCD_SetBackColor  stm324xg_eval_lcd.o
    0x08001ea4   0x08001ea4   0x00000018   Code   RO         4683    i.LCD_SetCursor     stm324xg_eval_lcd.o
    0x08001ebc   0x08001ebc   0x00000010   Code   RO         4686    i.LCD_SetTextColor  stm324xg_eval_lcd.o
    0x08001ecc   0x08001ecc   0x0000000a   Code   RO         4691    i.LCD_WriteReg      stm324xg_eval_lcd.o
    0x08001ed6   0x08001ed6   0x00000002   PAD
    0x08001ed8   0x08001ed8   0x000000ac   Code   RO          572    i.LEDS_CGI_Handler  httpd_cgi_ssi.o
    0x08001f84   0x08001f84   0x00000148   Code   RO          269    i.LwIP_Init         netconf.o
    0x080020cc   0x080020cc   0x00000038   Code   RO          270    i.LwIP_Periodic_Handle  netconf.o
    0x08002104   0x08002104   0x0000000c   Code   RO          271    i.LwIP_Pkt_Handle   netconf.o
    0x08002110   0x08002110   0x00000002   Code   RO          431    i.MemManage_Handler  stm32f4xx_it.o
    0x08002112   0x08002112   0x00000002   Code   RO          432    i.NMI_Handler       stm32f4xx_it.o
    0x08002114   0x08002114   0x00000064   Code   RO         2466    i.NVIC_Init         misc.o
    0x08002178   0x08002178   0x00000014   Code   RO         2467    i.NVIC_PriorityGroupConfig  misc.o
    0x0800218c   0x0800218c   0x00000020   Code   RO          358    i.NVIC_SetPriority  stm32f4x7_eth_bsp.o
    0x080021ac   0x080021ac   0x00000018   Code   RO         3374    i.RCC_AHB1PeriphClockCmd  stm32f4xx_rcc.o
    0x080021c4   0x080021c4   0x00000018   Code   RO         3376    i.RCC_AHB1PeriphResetCmd  stm32f4xx_rcc.o
    0x080021dc   0x080021dc   0x00000018   Code   RO         3380    i.RCC_AHB3PeriphClockCmd  stm32f4xx_rcc.o
    0x080021f4   0x080021f4   0x00000018   Code   RO         3386    i.RCC_APB2PeriphClockCmd  stm32f4xx_rcc.o
    0x0800220c   0x0800220c   0x00000094   Code   RO         3395    i.RCC_GetClocksFreq  stm32f4xx_rcc.o
    0x080022a0   0x080022a0   0x00000014   Code   RO         3406    i.RCC_MCO1Config    stm32f4xx_rcc.o
    0x080022b4   0x080022b4   0x00000048   Code   RO         4928    i.STM_EVAL_LEDInit  stm324xg_eval.o
    0x080022fc   0x080022fc   0x00000018   Code   RO         4929    i.STM_EVAL_LEDOff   stm324xg_eval.o
    0x08002314   0x08002314   0x00000018   Code   RO         4930    i.STM_EVAL_LEDOn    stm324xg_eval.o
    0x0800232c   0x0800232c   0x0000000c   Code   RO         3856    i.SYSCFG_ETH_MediaInterfaceConfig  stm32f4xx_syscfg.o
    0x08002338   0x08002338   0x00000030   Code   RO         3857    i.SYSCFG_EXTILineConfig  stm32f4xx_syscfg.o
    0x08002368   0x08002368   0x000000cc   Code   RO            3    i.SetSysClock       system_stm32f4xx.o
    0x08002434   0x08002434   0x00000018   Code   RO         2470    i.SysTick_CLKSourceConfig  misc.o
    0x0800244c   0x0800244c   0x00000004   Code   RO          433    i.SysTick_Handler   stm32f4xx_it.o
    0x08002450   0x08002450   0x0000005c   Code   RO            5    i.SystemInit        system_stm32f4xx.o
    0x080024ac   0x080024ac   0x00000010   Code   RO          152    i.Time_Update       main.o
    0x080024bc   0x080024bc   0x00000002   Code   RO          434    i.UsageFault_Handler  stm32f4xx_it.o
    0x080024be   0x080024be   0x00000002   PAD
    0x080024c0   0x080024c0   0x00000028   Code   RO         5092    i.__0sprintf$1      mc_w.l(printf1.o)
    0x080024e8   0x080024e8   0x0000000e   Code   RO         5360    i.__scatterload_copy  mc_w.l(handlers.o)
    0x080024f6   0x080024f6   0x00000002   Code   RO         5361    i.__scatterload_null  mc_w.l(handlers.o)
    0x080024f8   0x080024f8   0x0000000e   Code   RO         5362    i.__scatterload_zeroinit  mc_w.l(handlers.o)
    0x08002506   0x08002506   0x00000002   PAD
    0x08002508   0x08002508   0x00000154   Code   RO         5097    i._printf_core      mc_w.l(printf1.o)
    0x0800265c   0x0800265c   0x0000000a   Code   RO         5099    i._sputc            mc_w.l(printf1.o)
    0x08002666   0x08002666   0x00000002   PAD
    0x08002668   0x08002668   0x0000001c   Code   RO         4693    i.delay             stm324xg_eval_lcd.o
    0x08002684   0x08002684   0x0000001e   Code   RO          820    i.dhcp_arp_reply    dhcp.o
    0x080026a2   0x080026a2   0x00000002   PAD
    0x080026a4   0x080026a4   0x00000124   Code   RO          825    i.dhcp_create_msg   dhcp.o
    0x080027c8   0x080027c8   0x00000078   Code   RO          826    i.dhcp_decline      dhcp.o
    0x08002840   0x08002840   0x00000016   Code   RO          827    i.dhcp_delete_msg   dhcp.o
    0x08002856   0x08002856   0x00000002   PAD
    0x08002858   0x08002858   0x000000bc   Code   RO          828    i.dhcp_discover     dhcp.o
    0x08002914   0x08002914   0x00000046   Code   RO          832    i.dhcp_network_changed  dhcp.o
    0x0800295a   0x0800295a   0x00000020   Code   RO          833    i.dhcp_option       dhcp.o
    0x0800297a   0x0800297a   0x00000010   Code   RO          834    i.dhcp_option_byte  dhcp.o
    0x0800298a   0x0800298a   0x00000042   Code   RO          835    i.dhcp_option_long  dhcp.o
    0x080029cc   0x080029cc   0x00000022   Code   RO          836    i.dhcp_option_short  dhcp.o
    0x080029ee   0x080029ee   0x0000002c   Code   RO          837    i.dhcp_option_trailer  dhcp.o
    0x08002a1a   0x08002a1a   0x00000002   PAD
    0x08002a1c   0x08002a1c   0x000000a0   Code   RO          840    i.dhcp_reboot       dhcp.o
    0x08002abc   0x08002abc   0x00000010   Code   RO          845    i.dhcp_set_state    dhcp.o
    0x08002acc   0x08002acc   0x000000ce   Code   RO         2101    i.etharp_arp_input  etharp.o
    0x08002b9a   0x08002b9a   0x00000002   PAD
    0x08002b9c   0x08002b9c   0x00000030   Code   RO         2102    i.etharp_cleanup_netif  etharp.o
    0x08002bcc   0x08002bcc   0x000000dc   Code   RO         2104    i.etharp_find_entry  etharp.o
    0x08002ca8   0x08002ca8   0x00000024   Code   RO         2105    i.etharp_free_entry  etharp.o
    0x08002ccc   0x08002ccc   0x00000104   Code   RO         2106    i.etharp_output     etharp.o
    0x08002dd0   0x08002dd0   0x00000044   Code   RO         2107    i.etharp_output_to_arp_index  etharp.o
    0x08002e14   0x08002e14   0x000000ec   Code   RO         2108    i.etharp_query      etharp.o
    0x08002f00   0x08002f00   0x000000a0   Code   RO         2109    i.etharp_raw        etharp.o
    0x08002fa0   0x08002fa0   0x00000024   Code   RO         2110    i.etharp_request    etharp.o
    0x08002fc4   0x08002fc4   0x00000020   Code   RO         2111    i.etharp_send_ip    etharp.o
    0x08002fe4   0x08002fe4   0x00000048   Code   RO         2112    i.etharp_tmr        etharp.o
    0x0800302c   0x0800302c   0x0000007c   Code   RO         2113    i.etharp_update_arp_entry  etharp.o
    0x080030a8   0x080030a8   0x00000090   Code   RO         2114    i.ethernet_input    etharp.o
    0x08003138   0x08003138   0x00000028   Code   RO         2194    i.ethernetif_init   ethernetif.o
    0x08003160   0x08003160   0x00000026   Code   RO         2195    i.ethernetif_input  ethernetif.o
    0x08003186   0x08003186   0x00000002   PAD
    0x08003188   0x08003188   0x0000006a   Code   RO          644    i.extract_uri_parameters  httpd.o
    0x080031f2   0x080031f2   0x00000008   Code   RO          490    i.fs_bytes_left     fs.o
    0x080031fa   0x080031fa   0x00000004   Code   RO          491    i.fs_close          fs.o
    0x080031fe   0x080031fe   0x00000002   PAD
    0x08003200   0x08003200   0x0000002c   Code   RO          492    i.fs_free           fs.o
    0x0800322c   0x0800322c   0x0000006c   Code   RO          493    i.fs_open           fs.o
    0x08003298   0x08003298   0x00000032   Code   RO          494    i.fs_read           fs.o
    0x080032ca   0x080032ca   0x00000002   PAD
    0x080032cc   0x080032cc   0x000000b0   Code   RO          645    i.get_tag_insert    httpd.o
    0x0800337c   0x0800337c   0x00000064   Code   RO          646    i.http_accept       httpd.o
    0x080033e0   0x080033e0   0x00000054   Code   RO          647    i.http_close_conn   httpd.o
    0x08003434   0x08003434   0x0000000a   Code   RO          648    i.http_err          httpd.o
    0x0800343e   0x0800343e   0x00000002   PAD
    0x08003440   0x08003440   0x00000108   Code   RO          649    i.http_find_file    httpd.o
    0x08003548   0x08003548   0x00000054   Code   RO          650    i.http_get_404_file  httpd.o
    0x0800359c   0x0800359c   0x00000060   Code   RO          651    i.http_init_file    httpd.o
    0x080035fc   0x080035fc   0x000000e8   Code   RO          652    i.http_parse_request  httpd.o
    0x080036e4   0x080036e4   0x00000032   Code   RO          653    i.http_poll         httpd.o
    0x08003716   0x08003716   0x0000006e   Code   RO          654    i.http_recv         httpd.o
    0x08003784   0x08003784   0x000003bc   Code   RO          655    i.http_send_data    httpd.o
    0x08003b40   0x08003b40   0x00000016   Code   RO          656    i.http_sent         httpd.o
    0x08003b56   0x08003b56   0x00000002   PAD
    0x08003b58   0x08003b58   0x0000000c   Code   RO          657    i.http_set_cgi_handlers  httpd.o
    0x08003b64   0x08003b64   0x00000010   Code   RO          658    i.http_set_ssi_handler  httpd.o
    0x08003b74   0x08003b74   0x00000028   Code   RO          659    i.http_state_free   httpd.o
    0x08003b9c   0x08003b9c   0x0000003c   Code   RO          660    i.http_write        httpd.o
    0x08003bd8   0x08003bd8   0x0000001c   Code   RO          573    i.httpd_cgi_init    httpd_cgi_ssi.o
    0x08003bf4   0x08003bf4   0x00000048   Code   RO          661    i.httpd_init        httpd.o
    0x08003c3c   0x08003c3c   0x00000014   Code   RO          574    i.httpd_ssi_init    httpd_cgi_ssi.o
    0x08003c50   0x08003c50   0x00000008   Code   RO         1866    i.icmp_dest_unreach  icmp.o
    0x08003c58   0x08003c58   0x000000fc   Code   RO         1867    i.icmp_input        icmp.o
    0x08003d54   0x08003d54   0x00000064   Code   RO         1868    i.icmp_send_response  icmp.o
    0x08003db8   0x08003db8   0x00000008   Code   RO         1869    i.icmp_time_exceeded  icmp.o
    0x08003dc0   0x08003dc0   0x0000000c   Code   RO         1914    i.inet_chksum       inet_chksum.o
    0x08003dcc   0x08003dcc   0x00000048   Code   RO         1915    i.inet_chksum_pbuf  inet_chksum.o
    0x08003e14   0x08003e14   0x0000002e   Code   RO         1991    i.ip4_addr_isbroadcast  ip_addr.o
    0x08003e42   0x08003e42   0x00000002   PAD
    0x08003e44   0x08003e44   0x00000164   Code   RO         2045    i.ip_frag           ip_frag.o
    0x08003fa8   0x08003fa8   0x00000008   Code   RO         2046    i.ip_frag_free_pbuf_custom_ref  ip_frag.o
    0x08003fb0   0x08003fb0   0x0000017c   Code   RO         1952    i.ip_input          ip.o
    0x0800412c   0x0800412c   0x00000034   Code   RO         1953    i.ip_output         ip.o
    0x08004160   0x08004160   0x000000a8   Code   RO         1954    i.ip_output_if      ip.o
    0x08004208   0x08004208   0x0000018c   Code   RO         2047    i.ip_reass          ip_frag.o
    0x08004394   0x08004394   0x000000e8   Code   RO         2048    i.ip_reass_chain_frag_into_datagram_and_validate  ip_frag.o
    0x0800447c   0x0800447c   0x00000024   Code   RO         2049    i.ip_reass_dequeue_datagram  ip_frag.o
    0x080044a0   0x080044a0   0x00000070   Code   RO         2050    i.ip_reass_free_complete_datagram  ip_frag.o
    0x08004510   0x08004510   0x0000006c   Code   RO         2051    i.ip_reass_remove_oldest_datagram  ip_frag.o
    0x0800457c   0x0800457c   0x00000040   Code   RO         1955    i.ip_route          ip.o
    0x080045bc   0x080045bc   0x00000016   Code   RO         2053    i.ipfrag_free_pbuf_custom  ip_frag.o
    0x080045d2   0x080045d2   0x00000002   PAD
    0x080045d4   0x080045d4   0x00000080   Code   RO         2196    i.low_level_init    ethernetif.o
    0x08004654   0x08004654   0x000000b0   Code   RO         2197    i.low_level_input   ethernetif.o
    0x08004704   0x08004704   0x000000b0   Code   RO         2198    i.low_level_output  ethernetif.o
    0x080047b4   0x080047b4   0x00000004   Code   RO         2234    i.lwip_htonl        def.o
    0x080047b8   0x080047b8   0x00000004   Code   RO         2235    i.lwip_htons        def.o
    0x080047bc   0x080047bc   0x00000004   Code   RO         2236    i.lwip_ntohl        def.o
    0x080047c0   0x080047c0   0x00000004   Code   RO         2237    i.lwip_ntohs        def.o
    0x080047c4   0x080047c4   0x00000058   Code   RO         1918    i.lwip_standard_chksum  inet_chksum.o
    0x0800481c   0x0800481c   0x00000034   Code   RO          153    i.main              main.o
    0x08004850   0x08004850   0x0000002c   Code   RO         1046    i.mem_free          mem.o
    0x0800487c   0x0800487c   0x00000034   Code   RO         1047    i.mem_init          mem.o
    0x080048b0   0x080048b0   0x000000a8   Code   RO         1048    i.mem_malloc        mem.o
    0x08004958   0x08004958   0x000000cc   Code   RO         1049    i.mem_trim          mem.o
    0x08004a24   0x08004a24   0x00000018   Code   RO         1090    i.memp_free         memp.o
    0x08004a3c   0x08004a3c   0x00000058   Code   RO         1091    i.memp_init         memp.o
    0x08004a94   0x08004a94   0x00000020   Code   RO         1092    i.memp_malloc       memp.o
    0x08004ab4   0x08004ab4   0x0000004c   Code   RO         1132    i.netif_add         netif.o
    0x08004b00   0x08004b00   0x00000020   Code   RO         1136    i.netif_set_addr    netif.o
    0x08004b20   0x08004b20   0x0000000c   Code   RO         1137    i.netif_set_default  netif.o
    0x08004b2c   0x08004b2c   0x0000001a   Code   RO         1138    i.netif_set_down    netif.o
    0x08004b46   0x08004b46   0x00000008   Code   RO         1139    i.netif_set_gw      netif.o
    0x08004b4e   0x08004b4e   0x00000002   PAD
    0x08004b50   0x08004b50   0x00000068   Code   RO         1140    i.netif_set_ipaddr  netif.o
    0x08004bb8   0x08004bb8   0x00000008   Code   RO         1141    i.netif_set_link_callback  netif.o
    0x08004bc0   0x08004bc0   0x0000001a   Code   RO         1142    i.netif_set_link_down  netif.o
    0x08004bda   0x08004bda   0x00000042   Code   RO         1143    i.netif_set_link_up  netif.o
    0x08004c1c   0x08004c1c   0x00000008   Code   RO         1144    i.netif_set_netmask  netif.o
    0x08004c24   0x08004c24   0x00000020   Code   RO         1145    i.netif_set_up      netif.o
    0x08004c44   0x08004c44   0x00000118   Code   RO         1228    i.pbuf_alloc        pbuf.o
    0x08004d5c   0x08004d5c   0x00000054   Code   RO         1229    i.pbuf_alloced_custom  pbuf.o
    0x08004db0   0x08004db0   0x00000028   Code   RO         1230    i.pbuf_cat          pbuf.o
    0x08004dd8   0x08004dd8   0x00000012   Code   RO         1231    i.pbuf_chain        pbuf.o
    0x08004dea   0x08004dea   0x00000012   Code   RO         1232    i.pbuf_clen         pbuf.o
    0x08004dfc   0x08004dfc   0x0000009a   Code   RO         1234    i.pbuf_copy         pbuf.o
    0x08004e96   0x08004e96   0x00000068   Code   RO         1235    i.pbuf_copy_partial  pbuf.o
    0x08004efe   0x08004efe   0x00000050   Code   RO         1237    i.pbuf_free         pbuf.o
    0x08004f4e   0x08004f4e   0x00000060   Code   RO         1239    i.pbuf_header       pbuf.o
    0x08004fae   0x08004fae   0x0000004e   Code   RO         1242    i.pbuf_realloc      pbuf.o
    0x08004ffc   0x08004ffc   0x0000000c   Code   RO         1243    i.pbuf_ref          pbuf.o
    0x08005008   0x08005008   0x00000054   Code   RO         1050    i.plug_holes        mem.o
    0x0800505c   0x0800505c   0x00000074   Code   RO         1346    i.raw_input         raw.o
    0x080050d0   0x080050d0   0x00000040   Code   RO          662    i.strnstr           httpd.o
    0x08005110   0x08005110   0x0000008c   Code   RO         1412    i.tcp_abandon       tcp.o
    0x0800519c   0x0800519c   0x00000006   Code   RO         1413    i.tcp_abort         tcp.o
    0x080051a2   0x080051a2   0x00000004   Code   RO         1414    i.tcp_accept        tcp.o
    0x080051a6   0x080051a6   0x00000006   Code   RO         1415    i.tcp_accept_null   tcp.o
    0x080051ac   0x080051ac   0x000000f8   Code   RO         1416    i.tcp_alloc         tcp.o
    0x080052a4   0x080052a4   0x00000004   Code   RO         1417    i.tcp_arg           tcp.o
    0x080052a8   0x080052a8   0x00000084   Code   RO         1418    i.tcp_bind          tcp.o
    0x0800532c   0x0800532c   0x00000014   Code   RO         1419    i.tcp_close         tcp.o
    0x08005340   0x08005340   0x00000128   Code   RO         1420    i.tcp_close_shutdown  tcp.o
    0x08005468   0x08005468   0x0000009a   Code   RO         1679    i.tcp_create_segment  tcp_out.o
    0x08005502   0x08005502   0x00000020   Code   RO         1423    i.tcp_eff_send_mss  tcp.o
    0x08005522   0x08005522   0x000000a6   Code   RO         1680    i.tcp_enqueue_flags  tcp_out.o
    0x080055c8   0x080055c8   0x00000006   Code   RO         1424    i.tcp_err           tcp.o
    0x080055ce   0x080055ce   0x00000002   PAD
    0x080055d0   0x080055d0   0x00000060   Code   RO         1425    i.tcp_fasttmr       tcp.o
    0x08005630   0x08005630   0x00000314   Code   RO         1628    i.tcp_input         tcp_in.o
    0x08005944   0x08005944   0x0000003c   Code   RO         1681    i.tcp_keepalive     tcp_out.o
    0x08005980   0x08005980   0x000000e4   Code   RO         1629    i.tcp_listen_input  tcp_in.o
    0x08005a64   0x08005a64   0x00000088   Code   RO         1427    i.tcp_listen_with_backlog  tcp.o
    0x08005aec   0x08005aec   0x00000006   Code   RO         1428    i.tcp_new           tcp.o
    0x08005af2   0x08005af2   0x00000002   PAD
    0x08005af4   0x08005af4   0x0000005c   Code   RO         1429    i.tcp_new_port      tcp.o
    0x08005b50   0x08005b50   0x00000010   Code   RO         1430    i.tcp_next_iss      tcp.o
    0x08005b60   0x08005b60   0x0000018c   Code   RO         1682    i.tcp_output        tcp_out.o
    0x08005cec   0x08005cec   0x0000006a   Code   RO         1683    i.tcp_output_alloc_header  tcp_out.o
    0x08005d56   0x08005d56   0x00000002   PAD
    0x08005d58   0x08005d58   0x000000b0   Code   RO         1684    i.tcp_output_segment  tcp_out.o
    0x08005e08   0x08005e08   0x00000080   Code   RO         1630    i.tcp_parseopt      tcp_in.o
    0x08005e88   0x08005e88   0x0000004e   Code   RO         1685    i.tcp_pbuf_prealloc  tcp_out.o
    0x08005ed6   0x08005ed6   0x0000003a   Code   RO         1431    i.tcp_pcb_purge     tcp.o
    0x08005f10   0x08005f10   0x00000058   Code   RO         1432    i.tcp_pcb_remove    tcp.o
    0x08005f68   0x08005f68   0x0000000a   Code   RO         1433    i.tcp_poll          tcp.o
    0x08005f72   0x08005f72   0x00000002   PAD
    0x08005f74   0x08005f74   0x00000334   Code   RO         1631    i.tcp_process       tcp_in.o
    0x080062a8   0x080062a8   0x00000066   Code   RO         1434    i.tcp_process_refused_data  tcp.o
    0x0800630e   0x0800630e   0x00000002   PAD
    0x08006310   0x08006310   0x00000412   Code   RO         1632    i.tcp_receive       tcp_in.o
    0x08006722   0x08006722   0x00000004   Code   RO         1435    i.tcp_recv          tcp.o
    0x08006726   0x08006726   0x00000024   Code   RO         1436    i.tcp_recv_null     tcp.o
    0x0800674a   0x0800674a   0x00000038   Code   RO         1437    i.tcp_recved        tcp.o
    0x08006782   0x08006782   0x00000052   Code   RO         1686    i.tcp_rexmit        tcp_out.o
    0x080067d4   0x080067d4   0x00000058   Code   RO         1687    i.tcp_rexmit_fast   tcp_out.o
    0x0800682c   0x0800682c   0x0000002e   Code   RO         1688    i.tcp_rexmit_rto    tcp_out.o
    0x0800685a   0x0800685a   0x00000076   Code   RO         1689    i.tcp_rst           tcp_out.o
    0x080068d0   0x080068d0   0x0000001c   Code   RO         1438    i.tcp_seg_free      tcp.o
    0x080068ec   0x080068ec   0x00000012   Code   RO         1439    i.tcp_segs_free     tcp.o
    0x080068fe   0x080068fe   0x00000048   Code   RO         1690    i.tcp_send_empty_ack  tcp_out.o
    0x08006946   0x08006946   0x00000044   Code   RO         1691    i.tcp_send_fin      tcp_out.o
    0x0800698a   0x0800698a   0x00000004   Code   RO         1440    i.tcp_sent          tcp.o
    0x0800698e   0x0800698e   0x00000004   Code   RO         1441    i.tcp_setprio       tcp.o
    0x08006992   0x08006992   0x00000002   PAD
    0x08006994   0x08006994   0x0000025c   Code   RO         1443    i.tcp_slowtmr       tcp.o
    0x08006bf0   0x08006bf0   0x00000002   Code   RO         2264    i.tcp_timer_needed  timers.o
    0x08006bf2   0x08006bf2   0x00000002   PAD
    0x08006bf4   0x08006bf4   0x0000006c   Code   RO         1633    i.tcp_timewait_input  tcp_in.o
    0x08006c60   0x08006c60   0x00000020   Code   RO         1444    i.tcp_tmr           tcp.o
    0x08006c80   0x08006c80   0x00000034   Code   RO         1445    i.tcp_update_rcv_ann_wnd  tcp.o
    0x08006cb4   0x08006cb4   0x000002e4   Code   RO         1692    i.tcp_write         tcp_out.o
    0x08006f98   0x08006f98   0x0000008a   Code   RO         1693    i.tcp_zero_window_probe  tcp_out.o
    0x08007022   0x08007022   0x00000002   PAD
    0x08007024   0x08007024   0x00000098   Code   RO         1771    i.udp_bind          udp.o
    0x080070bc   0x080070bc   0x00000178   Code   RO         1775    i.udp_input         udp.o
    0x08007234   0x08007234   0x000000b6   Code   RO         1781    i.udp_sendto_if     udp.o
    0x080072ea   0x080072ea   0x00000c57   Data   RO          496    .constdata          fs.o
    0x08007f41   0x08007f41   0x00000aba   Data   RO          497    .constdata          fs.o
    0x080089fb   0x080089fb   0x0000665d   Data   RO          498    .constdata          fs.o
    0x0800f058   0x0800f058   0x000004db   Data   RO          499    .constdata          fs.o
    0x0800f533   0x0800f533   0x000029e3   Data   RO          500    .constdata          fs.o
    0x08011f16   0x08011f16   0x00000fce   Data   RO          501    .constdata          fs.o
    0x08012ee4   0x08012ee4   0x00000fe8   Data   RO          502    .constdata          fs.o
    0x08013ecc   0x08013ecc   0x00000014   Data   RO          503    .constdata          fs.o
    0x08013ee0   0x08013ee0   0x00000014   Data   RO          504    .constdata          fs.o
    0x08013ef4   0x08013ef4   0x00000014   Data   RO          505    .constdata          fs.o
    0x08013f08   0x08013f08   0x00000014   Data   RO          506    .constdata          fs.o
    0x08013f1c   0x08013f1c   0x00000014   Data   RO          507    .constdata          fs.o
    0x08013f30   0x08013f30   0x00000014   Data   RO          508    .constdata          fs.o
    0x08013f44   0x08013f44   0x00000014   Data   RO          509    .constdata          fs.o
    0x08013f58   0x08013f58   0x00000008   Data   RO          575    .constdata          httpd_cgi_ssi.o
    0x08013f60   0x08013f60   0x00000030   Data   RO          664    .constdata          httpd.o
    0x08013f90   0x08013f90   0x00000024   Data   RO         1094    .constdata          memp.o
    0x08013fb4   0x08013fb4   0x00000054   Data   RO         1446    .constdata          tcp.o
    0x08014008   0x08014008   0x00000004   Data   RO         1998    .constdata          ip_addr.o
    0x0801400c   0x0801400c   0x00000004   Data   RO         1999    .constdata          ip_addr.o
    0x08014010   0x08014010   0x0000000c   Data   RO         2116    .constdata          etharp.o
    0x0801401c   0x0801401c   0x000011d0   Data   RO         4694    .constdata          stm324xg_eval_lcd.o
    0x080151ec   0x080151ec   0x0000005c   Data   RO         4938    .constdata          stm324xg_eval.o
    0x08015248   0x08015248   0x00000002   Data   RO          576    .conststring        httpd_cgi_ssi.o
    0x0801524a   0x0801524a   0x00000002   PAD
    0x0801524c   0x0801524c   0x0000000a   Data   RO          577    .conststring        httpd_cgi_ssi.o
    0x08015256   0x08015256   0x00000002   PAD
    0x08015258   0x08015258   0x0000006a   Data   RO          665    .conststring        httpd.o
    0x080152c2   0x080152c2   0x00000002   PAD
    0x080152c4   0x080152c4   0x00000075   Data   RO         1447    .conststring        tcp.o
    0x08015339   0x08015339   0x00000003   PAD
    0x0801533c   0x0801533c   0x00000020   Data   RO         5358    Region$$Table       anon$$obj.o


    Execution Region RW_IRAM1 (Exec base: 0x20000000, Load base: 0x0801535c, Size: 0x00008898, Max: 0x00020000, ABSOLUTE, COMPRESSED[0x00000054])

    Exec Addr    Load Addr    Size         Type   Attr      Idx    E Section Name        Object

    0x20000000   COMPRESSED   0x00000008   Data   RW          154    .data               main.o
    0x20000008   COMPRESSED   0x00000008   Data   RW          273    .data               netconf.o
    0x20000010   COMPRESSED   0x00000004   Data   RW          360    .data               stm32f4x7_eth_bsp.o
    0x20000014   COMPRESSED   0x00000010   Data   RW          578    .data               httpd_cgi_ssi.o
    0x20000024   COMPRESSED   0x00000004   Data   RW          579    .data               httpd_cgi_ssi.o
    0x20000028   COMPRESSED   0x00000024   Data   RW          666    .data               httpd.o
    0x2000004c   COMPRESSED   0x00000004   Data   RW          851    .data               dhcp.o
    0x20000050   COMPRESSED   0x0000000c   Data   RW         1052    .data               mem.o
    0x2000005c   COMPRESSED   0x0000000c   Data   RW         1146    .data               netif.o
    0x20000068   COMPRESSED   0x00000004   Data   RW         1352    .data               raw.o
    0x2000006c   COMPRESSED   0x00000024   Data   RW         1448    .data               tcp.o
    0x20000090   COMPRESSED   0x0000001c   Data   RW         1635    .data               tcp_in.o
    0x200000ac   COMPRESSED   0x00000008   Data   RW         1782    .data               udp.o
    0x200000b4   COMPRESSED   0x00000014   Data   RW         1956    .data               ip.o
    0x200000c8   COMPRESSED   0x00000008   Data   RW         2054    .data               ip_frag.o
    0x200000d0   COMPRESSED   0x00000001   Data   RW         2117    .data               etharp.o
    0x200000d1   COMPRESSED   0x00000010   Data   RW         3419    .data               stm32f4xx_rcc.o
    0x200000e1   COMPRESSED   0x00000003   PAD
    0x200000e4   COMPRESSED   0x0000000c   Data   RW         4217    .data               stm32f4x7_eth.o
    0x200000f0   COMPRESSED   0x00000010   Data   RW         4698    .data               stm324xg_eval_lcd.o
    0x20000100   COMPRESSED   0x0000002c   Data   RW         4939    .data               stm324xg_eval.o
    0x2000012c        -       0x00000038   Zero   RW          272    .bss                netconf.o
    0x20000164        -       0x000000bc   Zero   RW          359    .bss                stm32f4x7_eth_bsp.o
    0x20000220        -       0x000000f0   Zero   RW          495    .bss                fs.o
    0x20000310        -       0x00000400   Zero   RW          663    .bss                httpd.o
    0x20000710        -       0x00002814   Zero   RW         1051    .bss                mem.o
    0x20002f24        -       0x000023ef   Zero   RW         1093    .bss                memp.o
    0x20005313   COMPRESSED   0x00000001   PAD
    0x20005314        -       0x00000010   Zero   RW         1634    .bss                tcp_in.o
    0x20005324        -       0x000000c8   Zero   RW         2115    .bss                etharp.o
    0x200053ec        -       0x00000080   Zero   RW         4212    .bss                stm32f4x7_eth.o
    0x2000546c        -       0x00000080   Zero   RW         4213    .bss                stm32f4x7_eth.o
    0x200054ec        -       0x000017d0   Zero   RW         4214    .bss                stm32f4x7_eth.o
    0x20006cbc        -       0x000017d0   Zero   RW         4215    .bss                stm32f4x7_eth.o
    0x2000848c        -       0x0000000c   Zero   RW         4216    .bss                stm32f4x7_eth.o
    0x20008498        -       0x00000400   Zero   RW          141    STACK               startup_stm32f4xx.o

